Archive member included to satisfy reference by file (symbol)

d:/stm32cubeide/install/stm32cubeide_1.7.0/stm32cubeide/plugins/com.st.stm32cube.ide.mcu.externaltools.gnu-tools-for-stm32.9-2020-q2-update.win32_2.0.0.202105311346/tools/bin/../lib/gcc/arm-none-eabi/9.3.1/../../../../arm-none-eabi/lib/thumb/v7e-m+fp/hard\libc_nano.a(lib_a-errno.o)
                              ./Core/Src/syscalls.o (__errno)
d:/stm32cubeide/install/stm32cubeide_1.7.0/stm32cubeide/plugins/com.st.stm32cube.ide.mcu.externaltools.gnu-tools-for-stm32.9-2020-q2-update.win32_2.0.0.202105311346/tools/bin/../lib/gcc/arm-none-eabi/9.3.1/../../../../arm-none-eabi/lib/thumb/v7e-m+fp/hard\libc_nano.a(lib_a-exit.o)
                              d:/stm32cubeide/install/stm32cubeide_1.7.0/stm32cubeide/plugins/com.st.stm32cube.ide.mcu.externaltools.gnu-tools-for-stm32.9-2020-q2-update.win32_2.0.0.202105311346/tools/bin/../lib/gcc/arm-none-eabi/9.3.1/../../../../arm-none-eabi/lib/thumb/v7e-m+fp/hard/crt0.o (exit)
d:/stm32cubeide/install/stm32cubeide_1.7.0/stm32cubeide/plugins/com.st.stm32cube.ide.mcu.externaltools.gnu-tools-for-stm32.9-2020-q2-update.win32_2.0.0.202105311346/tools/bin/../lib/gcc/arm-none-eabi/9.3.1/../../../../arm-none-eabi/lib/thumb/v7e-m+fp/hard\libc_nano.a(lib_a-findfp.o)
                              ./Middlewares/Third_Party/FreeRTOS/Source/tasks.o (__sf_fake_stderr)
d:/stm32cubeide/install/stm32cubeide_1.7.0/stm32cubeide/plugins/com.st.stm32cube.ide.mcu.externaltools.gnu-tools-for-stm32.9-2020-q2-update.win32_2.0.0.202105311346/tools/bin/../lib/gcc/arm-none-eabi/9.3.1/../../../../arm-none-eabi/lib/thumb/v7e-m+fp/hard\libc_nano.a(lib_a-fwalk.o)
                              d:/stm32cubeide/install/stm32cubeide_1.7.0/stm32cubeide/plugins/com.st.stm32cube.ide.mcu.externaltools.gnu-tools-for-stm32.9-2020-q2-update.win32_2.0.0.202105311346/tools/bin/../lib/gcc/arm-none-eabi/9.3.1/../../../../arm-none-eabi/lib/thumb/v7e-m+fp/hard\libc_nano.a(lib_a-findfp.o) (_fwalk)
d:/stm32cubeide/install/stm32cubeide_1.7.0/stm32cubeide/plugins/com.st.stm32cube.ide.mcu.externaltools.gnu-tools-for-stm32.9-2020-q2-update.win32_2.0.0.202105311346/tools/bin/../lib/gcc/arm-none-eabi/9.3.1/../../../../arm-none-eabi/lib/thumb/v7e-m+fp/hard\libc_nano.a(lib_a-impure.o)
                              d:/stm32cubeide/install/stm32cubeide_1.7.0/stm32cubeide/plugins/com.st.stm32cube.ide.mcu.externaltools.gnu-tools-for-stm32.9-2020-q2-update.win32_2.0.0.202105311346/tools/bin/../lib/gcc/arm-none-eabi/9.3.1/../../../../arm-none-eabi/lib/thumb/v7e-m+fp/hard\libc_nano.a(lib_a-exit.o) (_global_impure_ptr)
d:/stm32cubeide/install/stm32cubeide_1.7.0/stm32cubeide/plugins/com.st.stm32cube.ide.mcu.externaltools.gnu-tools-for-stm32.9-2020-q2-update.win32_2.0.0.202105311346/tools/bin/../lib/gcc/arm-none-eabi/9.3.1/../../../../arm-none-eabi/lib/thumb/v7e-m+fp/hard\libc_nano.a(lib_a-init.o)
                              d:/stm32cubeide/install/stm32cubeide_1.7.0/stm32cubeide/plugins/com.st.stm32cube.ide.mcu.externaltools.gnu-tools-for-stm32.9-2020-q2-update.win32_2.0.0.202105311346/tools/bin/../lib/gcc/arm-none-eabi/9.3.1/../../../../arm-none-eabi/lib/thumb/v7e-m+fp/hard/crt0.o (__libc_init_array)
d:/stm32cubeide/install/stm32cubeide_1.7.0/stm32cubeide/plugins/com.st.stm32cube.ide.mcu.externaltools.gnu-tools-for-stm32.9-2020-q2-update.win32_2.0.0.202105311346/tools/bin/../lib/gcc/arm-none-eabi/9.3.1/../../../../arm-none-eabi/lib/thumb/v7e-m+fp/hard\libc_nano.a(lib_a-malloc.o)
                              ./Core/ThreadSafe/newlib_lock_glue.o (malloc)
d:/stm32cubeide/install/stm32cubeide_1.7.0/stm32cubeide/plugins/com.st.stm32cube.ide.mcu.externaltools.gnu-tools-for-stm32.9-2020-q2-update.win32_2.0.0.202105311346/tools/bin/../lib/gcc/arm-none-eabi/9.3.1/../../../../arm-none-eabi/lib/thumb/v7e-m+fp/hard\libc_nano.a(lib_a-memcpy-stub.o)
                              ./Middlewares/Third_Party/FreeRTOS/Source/queue.o (memcpy)
d:/stm32cubeide/install/stm32cubeide_1.7.0/stm32cubeide/plugins/com.st.stm32cube.ide.mcu.externaltools.gnu-tools-for-stm32.9-2020-q2-update.win32_2.0.0.202105311346/tools/bin/../lib/gcc/arm-none-eabi/9.3.1/../../../../arm-none-eabi/lib/thumb/v7e-m+fp/hard\libc_nano.a(lib_a-memset.o)
                              d:/stm32cubeide/install/stm32cubeide_1.7.0/stm32cubeide/plugins/com.st.stm32cube.ide.mcu.externaltools.gnu-tools-for-stm32.9-2020-q2-update.win32_2.0.0.202105311346/tools/bin/../lib/gcc/arm-none-eabi/9.3.1/../../../../arm-none-eabi/lib/thumb/v7e-m+fp/hard/crt0.o (memset)
d:/stm32cubeide/install/stm32cubeide_1.7.0/stm32cubeide/plugins/com.st.stm32cube.ide.mcu.externaltools.gnu-tools-for-stm32.9-2020-q2-update.win32_2.0.0.202105311346/tools/bin/../lib/gcc/arm-none-eabi/9.3.1/../../../../arm-none-eabi/lib/thumb/v7e-m+fp/hard\libc_nano.a(lib_a-nano-freer.o)
[...]
Memory Configuration

Name             Origin             Length             Attributes
CCMRAM           0x0000000010000000 0x0000000000010000 xrw
RAM              0x0000000020000000 0x0000000000020000 xrw
FLASH            0x0000000008000000 0x0000000000100000 xr
*default*        0x0000000000000000 0xffffffffffffffff

Linker script and memory map

LOAD d:/stm32cubeide/install/stm32cubeide_1.7.0/stm32cubeide/plugins/com.st.stm32cube.ide.mcu.externaltools.gnu-tools-for-stm32.9-2020-q2-update.win32_2.0.0.202105311346/tools/bin/../lib/gcc/arm-none-eabi/9.3.1/thumb/v7e-m+fp/hard/crti.o
LOAD d:/stm32cubeide/install/stm32cubeide_1.7.0/stm32cubeide/plugins/com.st.stm32cube.ide.mcu.externaltools.gnu-tools-for-stm32.9-2020-q2-update.win32_2.0.0.202105311346/tools/bin/../lib/gcc/arm-none-eabi/9.3.1/thumb/v7e-m+fp/hard/crtbegin.o
LOAD d:/stm32cubeide/install/stm32cubeide_1.7.0/stm32cubeide/plugins/com.st.stm32cube.ide.mcu.externaltools.gnu-tools-for-stm32.9-2020-q2-update.win32_2.0.0.202105311346/tools/bin/../lib/gcc/arm-none-eabi/9.3.1/../../../../arm-none-eabi/lib/thumb/v7e-m+fp/hard/crt0.o
LOAD ./Algorithm/orientation/Src/FusionAhrs.o
LOAD ./Algorithm/orientation/Src/FusionBias.o
LOAD ./Algorithm/orientation/Src/FusionCompass.o
LOAD ./Algorithm/pose/Src/KF_estimate.o
LOAD ./Algorithm/pose/Src/KF_math.o
LOAD ./Core/Src/dma.o
LOAD ./Core/Src/freertos.o
LOAD ./Core/Src/gpio.o
LOAD ./Core/Src/i2c.o
LOAD ./Core/Src/main.o
LOAD ./Core/Src/spi.o
LOAD ./Core/Src/stm32f4xx_hal_msp.o
LOAD ./Core/Src/stm32f4xx_hal_timebase_tim.o
LOAD ./Core/Src/stm32f4xx_it.o
LOAD ./Core/Src/syscalls.o
LOAD ./Core/Src/sysmem.o
LOAD ./Core/Src/system_stm32f4xx.o
LOAD ./Core/Src/tim.o
LOAD ./Core/Startup/startup_stm32f407ighx.o
LOAD ./Core/ThreadSafe/newlib_lock_glue.o
LOAD ./Drivers/STM32F4xx_HAL_Driver/Src/stm32f4xx_hal.o
LOAD ./Drivers/STM32F4xx_HAL_Driver/Src/stm32f4xx_hal_cortex.o
LOAD ./Drivers/STM32F4xx_HAL_Driver/Src/stm32f4xx_hal_dma.o
LOAD ./Drivers/STM32F4xx_HAL_Driver/Src/stm32f4xx_hal_dma_ex.o
LOAD ./Drivers/STM32F4xx_HAL_Driver/Src/stm32f4xx_hal_exti.o
LOAD ./Drivers/STM32F4xx_HAL_Driver/Src/stm32f4xx_hal_flash.o
LOAD ./Drivers/STM32F4xx_HAL_Driver/Src/stm32f4xx_hal_flash_ex.o
LOAD ./Drivers/STM32F4xx_HAL_Driver/Src/stm32f4xx_hal_flash_ramfunc.o
LOAD ./Drivers/STM32F4xx_HAL_Driver/Src/stm32f4xx_hal_gpio.o
LOAD ./Drivers/STM32F4xx_HAL_Driver/Src/stm32f4xx_hal_i2c.o
LOAD ./Drivers/STM32F4xx_HAL_Driver/Src/stm32f4xx_hal_i2c_ex.o
LOAD ./Drivers/STM32F4xx_HAL_Driver/Src/stm32f4xx_hal_pwr.o
LOAD ./Drivers/STM32F4xx_HAL_Driver/Src/stm32f4xx_hal_pwr_ex.o
LOAD ./Drivers/STM32F4xx_HAL_Driver/Src/stm32f4xx_hal_rcc.o
LOAD ./Drivers/STM32F4xx_HAL_Driver/Src/stm32f4xx_hal_rcc_ex.o
LOAD ./Drivers/STM32F4xx_HAL_Driver/Src/stm32f4xx_hal_spi.o
LOAD ./Drivers/STM32F4xx_HAL_Driver/Src/stm32f4xx_hal_tim.o
LOAD ./Drivers/STM32F4xx_HAL_Driver/Src/stm32f4xx_hal_tim_ex.o
LOAD ./Middlewares/Third_Party/FreeRTOS/Source/CMSIS_RTOS/cmsis_os.o
LOAD ./Middlewares/Third_Party/FreeRTOS/Source/croutine.o
LOAD ./Middlewares/Third_Party/FreeRTOS/Source/event_groups.o
LOAD ./Middlewares/Third_Party/FreeRTOS/Source/list.o
LOAD ./Middlewares/Third_Party/FreeRTOS/Source/queue.o
LOAD ./Middlewares/Third_Party/FreeRTOS/Source/stream_buffer.o
LOAD ./Middlewares/Third_Party/FreeRTOS/Source/tasks.o
LOAD ./Middlewares/Third_Party/FreeRTOS/Source/timers.o
LOAD ./Middlewares/Third_Party/FreeRTOS/Source/portable/GCC/ARM_CM4F/port.o
LOAD ./Middlewares/Third_Party/FreeRTOS/Source/portable/MemMang/heap_4.o
LOAD ./SensorDriver/bmi088/Src/BMI088Middleware.o
LOAD ./SensorDriver/bmi088/Src/BMI088driver.o
LOAD ./SensorDriver/ist8310/Src/ist8310driver.o
LOAD ./SensorDriver/ist8310/Src/ist8310driver_middleware.o
LOAD ./SensorDriver/pqy13/Src/PQY13Middleware.o
LOAD ./SensorDriver/pqy13/Src/PQY13driver.o
START GROUP
LOAD d:/stm32cubeide/install/stm32cubeide_1.7.0/stm32cubeide/plugins/com.st.stm32cube.ide.mcu.externaltools.gnu-tools-for-stm32.9-2020-q2-update.win32_2.0.0.202105311346/tools/bin/../lib/gcc/arm-none-eabi/9.3.1/../../../../arm-none-eabi/lib/thumb/v7e-m+fp/hard\libc_nano.a
LOAD d:/stm32cubeide/install/stm32cubeide_1.7.0/stm32cubeide/plugins/com.st.stm32cube.ide.mcu.externaltools.gnu-tools-for-stm32.9-2020-q2-update.win32_2.0.0.202105311346/tools/bin/../lib/gcc/arm-none-eabi/9.3.1/../../../../arm-none-eabi/lib/thumb/v7e-m+fp/hard\libm.a
END GROUP
START GROUP
LOAD d:/stm32cubeide/install/stm32cubeide_1.7.0/stm32cubeide/plugins/com.st.stm32cube.ide.mcu.externaltools.gnu-tools-for-stm32.9-2020-q2-update.win32_2.0.0.202105311346/tools/bin/../lib/gcc/arm-none-eabi/9.3.1/thumb/v7e-m+fp/hard\libgcc.a
LOAD d:/stm32cubeide/install/stm32cubeide_1.7.0/stm32cubeide/plugins/com.st.stm32cube.ide.mcu.externaltools.gnu-tools-for-stm32.9-2020-q2-update.win32_2.0.0.202105311346/tools/bin/../lib/gcc/arm-none-eabi/9.3.1/../../../../arm-none-eabi/lib/thumb/v7e-m+fp/hard\libc_nano.a
END GROUP
START GROUP
LOAD d:/stm32cubeide/install/stm32cubeide_1.7.0/stm32cubeide/plugins/com.st.stm32cube.ide.mcu.externaltools.gnu-tools-for-stm32.9-2020-q2-update.win32_2.0.0.202105311346/tools/bin/../lib/gcc/arm-none-eabi/9.3.1/thumb/v7e-m+fp/hard\libgcc.a
LOAD d:/stm32cubeide/install/stm32cubeide_1.7.0/stm32cubeide/plugins/com.st.stm32cube.ide.mcu.externaltools.gnu-tools-for-stm32.9-2020-q2-update.win32_2.0.0.202105311346/tools/bin/../lib/gcc/arm-none-eabi/9.3.1/../../../../arm-none-eabi/lib/thumb/v7e-m+fp/hard\libc_nano.a
LOAD d:/stm32cubeide/install/stm32cubeide_1.7.0/stm32cubeide/plugins/com.st.stm32cube.ide.mcu.externaltools.gnu-tools-for-stm32.9-2020-q2-update.win32_2.0.0.202105311346/tools/bin/../lib/gcc/arm-none-eabi/9.3.1/../../../../arm-none-eabi/lib/thumb/v7e-m+fp/hard\libnosys.a
END GROUP
START GROUP
LOAD d:/stm32cubeide/install/stm32cubeide_1.7.0/stm32cubeide/plugins/com.st.stm32cube.ide.mcu.externaltools.gnu-tools-for-stm32.9-2020-q2-update.win32_2.0.0.202105311346/tools/bin/../lib/gcc/arm-none-eabi/9.3.1/thumb/v7e-m+fp/hard\libgcc.a
LOAD d:/stm32cubeide/install/stm32cubeide_1.7.0/stm32cubeide/plugins/com.st.stm32cube.ide.mcu.externaltools.gnu-tools-for-stm32.9-2020-q2-update.win32_2.0.0.202105311346/tools/bin/../lib/gcc/arm-none-eabi/9.3.1/../../../../arm-none-eabi/lib/thumb/v7e-m+fp/hard\libc_nano.a
LOAD d:/stm32cubeide/install/stm32cubeide_1.7.0/stm32cubeide/plugins/com.st.stm32cube.ide.mcu.externaltools.gnu-tools-for-stm32.9-2020-q2-update.win32_2.0.0.202105311346/tools/bin/../lib/gcc/arm-none-eabi/9.3.1/../../../../arm-none-eabi/lib/thumb/v7e-m+fp/hard\libnosys.a
END GROUP
LOAD d:/stm32cubeide/install/stm32cubeide_1.7.0/stm32cubeide/plugins/com.st.stm32cube.ide.mcu.externaltools.gnu-tools-for-stm32.9-2020-q2-update.win32_2.0.0.202105311346/tools/bin/../lib/gcc/arm-none-eabi/9.3.1/thumb/v7e-m+fp/hard/crtend.o
LOAD d:/stm32cubeide/install/stm32cubeide_1.7.0/stm32cubeide/plugins/com.st.stm32cube.ide.mcu.externaltools.gnu-tools-for-stm32.9-2020-q2-update.win32_2.0.0.202105311346/tools/bin/../lib/gcc/arm-none-eabi/9.3.1/thumb/v7e-m+fp/hard/crtn.o
                0x0000000020020000                _estack = (ORIGIN (RAM) + LENGTH (RAM))
                0x0000000000000200                _Min_Heap_Size = 0x200
                0x0000000000000400                _Min_Stack_Size = 0x400

.isr_vector     0x0000000008000000      0x188
                0x0000000008000000                . = ALIGN (0x4)
 *(.isr_vector)
 .isr_vector    0x0000000008000000      0x188 ./Core/Startup/startup_stm32f407ighx.o
                0x0000000008000000                g_pfnVectors
                0x0000000008000188                . = ALIGN (0x4)

.text           0x0000000008000190     0x8c3c
                0x0000000008000190                . = ALIGN (0x4)
 *(.text)
 .text          0x0000000008000190       0x40 d:/stm32cubeide/install/stm32cubeide_1.7.0/stm32cubeide/plugins/com.st.stm32cube.ide.mcu.externaltools.gnu-tools-for-stm32.9-2020-q2-update.win32_2.0.0.202105311346/tools/bin/../lib/gcc/arm-none-eabi/9.3.1/thumb/v7e-m+fp/hard/crtbegin.o
 .text          0x00000000080001d0      0x378 d:/stm32cubeide/install/stm32cubeide_1.7.0/stm32cubeide/plugins/com.st.stm32cube.ide.mcu.externaltools.gnu-tools-for-stm32.9-2020-q2-update.win32_2.0.0.202105311346/tools/bin/../lib/gcc/arm-none-eabi/9.3.1/thumb/v7e-m+fp/hard\libgcc.a(_arm_addsubdf3.o)
                0x00000000080001d0                __aeabi_drsub
                0x00000000080001d8                __aeabi_dsub
                0x00000000080001d8                __subdf3
                0x00000000080001dc                __aeabi_dadd
                0x00000000080001dc                __adddf3
                0x0000000008000454                __floatunsidf
                0x0000000008000454                __aeabi_ui2d
                0x0000000008000474                __floatsidf
                0x0000000008000474                __aeabi_i2d
                0x0000000008000498                __aeabi_f2d
                0x0000000008000498                __extendsfdf2
                0x00000000080004dc                __floatundidf
                0x00000000080004dc                __aeabi_ul2d
                0x00000000080004ec                __floatdidf
                0x00000000080004ec                __aeabi_l2d
 .text          0x0000000008000548      0x424 d:/stm32cubeide/install/stm32cubeide_1.7.0/stm32cubeide/plugins/com.st.stm32cube.ide.mcu.externaltools.gnu-tools-for-stm32.9-2020-q2-update.win32_2.0.0.202105311346/tools/bin/../lib/gcc/arm-none-eabi/9.3.1/thumb/v7e-m+fp/hard\libgcc.a(_arm_muldivdf3.o)
                0x0000000008000548                __aeabi_dmul
                0x0000000008000548                __muldf3
                0x000000000800079c                __divdf3
                0x000000000800079c                __aeabi_ddiv
 .text          0x000000000800096c       0xa0 d:/stm32cubeide/install/stm32cubeide_1.7.0/stm32cubeide/plugins/com.st.stm32cube.ide.mcu.externaltools.gnu-tools-for-stm32.9-2020-q2-update.win32_2.0.0.202105311346/tools/bin/../lib/gcc/arm-none-eabi/9.3.1/thumb/v7e-m+fp/hard\libgcc.a(_arm_truncdfsf2.o)
                0x000000000800096c                __truncdfsf2
                0x000000000800096c                __aeabi_d2f
 .text          0x0000000008000a0c       0x30 d:/stm32cubeide/install/stm32cubeide_1.7.0/stm32cubeide/plugins/com.st.stm32cube.ide.mcu.externaltools.gnu-tools-for-stm32.9-2020-q2-update.win32_2.0.0.202105311346/tools/bin/../lib/gcc/arm-none-eabi/9.3.1/thumb/v7e-m+fp/hard\libgcc.a(_aeabi_uldivmod.o)
                0x0000000008000a0c                __aeabi_uldivmod
 .text          0x0000000008000a3c      0x2c4 d:/stm32cubeide/install/stm32cubeide_1.7.0/stm32cubeide/plugins/com.st.stm32cube.ide.mcu.externaltools.gnu-tools-for-stm32.9-2020-q2-update.win32_2.0.0.202105311346/tools/bin/../lib/gcc/arm-none-eabi/9.3.1/thumb/v7e-m+fp/hard\libgcc.a(_udivmoddi4.o)
                0x0000000008000a3c                __udivmoddi4
 .text          0x0000000008000d00        0x4 d:/stm32cubeide/install/stm32cubeide_1.7.0/stm32cubeide/plugins/com.st.stm32cube.ide.mcu.externaltools.gnu-tools-for-stm32.9-2020-q2-update.win32_2.0.0.202105311346/tools/bin/../lib/gcc/arm-none-eabi/9.3.1/thumb/v7e-m+fp/hard\libgcc.a(_dvmd_tls.o)
                0x0000000008000d00                __aeabi_idiv0
                0x0000000008000d00                __aeabi_ldiv0
 *(.text*)
 .text.FusionAhrsInitialise
                0x0000000008000d04       0x7c ./Algorithm/orientation/Src/FusionAhrs.o
                0x0000000008000d04                FusionAhrsInitialise
 .text.FusionAhrsSetMagneticField
                0x0000000008000d80       0x38 ./Algorithm/orientation/Src/FusionAhrs.o
                0x0000000008000d80                FusionAhrsSetMagneticField
 .text.FusionAhrsUpdate
                0x0000000008000db8     0x1110 ./Algorithm/orientation/Src/FusionAhrs.o
                0x0000000008000db8                FusionAhrsUpdate
 .text.FusionAhrsGetQuaternion
                0x0000000008001ec8       0x8a ./Algorithm/orientation/Src/FusionAhrs.o
                0x0000000008001ec8                FusionAhrsGetQuaternion
 *fill*         0x0000000008001f52        0x6 
 .text.FusionBiasInitialise
                0x0000000008001f58       0x78 ./Algorithm/orientation/Src/FusionBias.o
                0x0000000008001f58                FusionBiasInitialise
 .text.FusionBiasUpdate
                0x0000000008001fd0      0x234 ./Algorithm/orientation/Src/FusionBias.o
                0x0000000008001fd0                FusionBiasUpdate
 .text.MX_DMA_Init
                0x0000000008002204       0x50 ./Core/Src/dma.o
                0x0000000008002204                MX_DMA_Init
 .text.vApplicationGetIdleTaskMemory
                0x0000000008002254       0x34 ./Core/Src/freertos.o
                0x0000000008002254                vApplicationGetIdleTaskMemory
 .text.MX_FREERTOS_Init
                0x0000000008002288       0xbc ./Core/Src/freertos.o
                0x0000000008002288                MX_FREERTOS_Init
 .text.StartOrientationTask
                0x0000000008002344      0xaf4 ./Core/Src/freertos.o
                0x0000000008002344                StartOrientationTask
 .text.StartPositionTask
                0x0000000008002e38       0x10 ./Core/Src/freertos.o
                0x0000000008002e38                StartPositionTask
 .text.MX_GPIO_Init
                0x0000000008002e48      0x1cc ./Core/Src/gpio.o
                0x0000000008002e48                MX_GPIO_Init
 .text.MX_I2C3_Init
                0x0000000008003014       0x5c ./Core/Src/i2c.o
                0x0000000008003014                MX_I2C3_Init
 .text.HAL_I2C_MspInit
                0x0000000008003070       0xd4 ./Core/Src/i2c.o
                0x0000000008003070                HAL_I2C_MspInit
 .text.main     0x0000000008003144       0x2e ./Core/Src/main.o
                0x0000000008003144                main
 *fill*         0x0000000008003172        0x2 
 .text.SystemClock_Config
                0x0000000008003174       0xd4 ./Core/Src/main.o
                0x0000000008003174                SystemClock_Config
 .text.HAL_TIM_PeriodElapsedCallback
                0x0000000008003248       0x24 ./Core/Src/main.o
                0x0000000008003248                HAL_TIM_PeriodElapsedCallback
 .text.Error_Handler
                0x000000000800326c        0xa ./Core/Src/main.o
                0x000000000800326c                Error_Handler
 *fill*         0x0000000008003276        0x2 
 .text.MX_SPI1_Init
                0x0000000008003278       0x6c ./Core/Src/spi.o
                0x0000000008003278                MX_SPI1_Init
 .text.MX_SPI2_Init
                0x00000000080032e4       0x6c ./Core/Src/spi.o
                0x00000000080032e4                MX_SPI2_Init
 .text.HAL_SPI_MspInit
                0x0000000008003350      0x2d0 ./Core/Src/spi.o
                0x0000000008003350                HAL_SPI_MspInit
 .text.HAL_MspInit
                0x0000000008003620       0x58 ./Core/Src/stm32f4xx_hal_msp.o
                0x0000000008003620                HAL_MspInit
 .text.HAL_InitTick
                0x0000000008003678       0xb4 ./Core/Src/stm32f4xx_hal_timebase_tim.o
                0x0000000008003678                HAL_InitTick
 .text.NMI_Handler
                0x000000000800372c        0x6 ./Core/Src/stm32f4xx_it.o
                0x000000000800372c                NMI_Handler
 .text.HardFault_Handler
                0x0000000008003732        0x6 ./Core/Src/stm32f4xx_it.o
                0x0000000008003732                HardFault_Handler
 .text.MemManage_Handler
                0x0000000008003738        0x6 ./Core/Src/stm32f4xx_it.o
                0x0000000008003738                MemManage_Handler
 .text.BusFault_Handler
                0x000000000800373e        0x6 ./Core/Src/stm32f4xx_it.o
                0x000000000800373e                BusFault_Handler
 .text.UsageFault_Handler
                0x0000000008003744        0x6 ./Core/Src/stm32f4xx_it.o
                0x0000000008003744                UsageFault_Handler
 .text.DebugMon_Handler
                0x000000000800374a        0xe ./Core/Src/stm32f4xx_it.o
                0x000000000800374a                DebugMon_Handler
 .text.EXTI4_IRQHandler
                0x0000000008003758        0xe ./Core/Src/stm32f4xx_it.o
                0x0000000008003758                EXTI4_IRQHandler
 .text.EXTI9_5_IRQHandler
                0x0000000008003766        0xe ./Core/Src/stm32f4xx_it.o
                0x0000000008003766                EXTI9_5_IRQHandler
 .text.TIM1_UP_TIM10_IRQHandler
                0x0000000008003774       0x14 ./Core/Src/stm32f4xx_it.o
                0x0000000008003774                TIM1_UP_TIM10_IRQHandler
 .text.SystemInit
                0x0000000008003788       0x24 ./Core/Src/system_stm32f4xx.o
                0x0000000008003788                SystemInit
 .text.MX_TIM6_Init
                0x00000000080037ac       0x6c ./Core/Src/tim.o
                0x00000000080037ac                MX_TIM6_Init
 .text.HAL_TIM_Base_MspInit
                0x0000000008003818       0x44 ./Core/Src/tim.o
                0x0000000008003818                HAL_TIM_Base_MspInit
 .text.Reset_Handler
                0x000000000800385c       0x50 ./Core/Startup/startup_stm32f407ighx.o
                0x000000000800385c                Reset_Handler
 .text.Default_Handler
                0x00000000080038ac        0x2 ./Core/Startup/startup_stm32f407ighx.o
                0x00000000080038ac                RTC_Alarm_IRQHandler
                0x00000000080038ac                HASH_RNG_IRQHandler
                0x00000000080038ac                EXTI2_IRQHandler
                0x00000000080038ac                TIM8_CC_IRQHandler
                0x00000000080038ac                TIM1_CC_IRQHandler
                0x00000000080038ac                DMA2_Stream5_IRQHandler
                0x00000000080038ac                DMA1_Stream5_IRQHandler
                0x00000000080038ac                PVD_IRQHandler
                0x00000000080038ac                SDIO_IRQHandler
                0x00000000080038ac                TAMP_STAMP_IRQHandler
                0x00000000080038ac                CAN2_RX1_IRQHandler
                0x00000000080038ac                EXTI3_IRQHandler
                0x00000000080038ac                TIM8_TRG_COM_TIM14_IRQHandler
                0x00000000080038ac                TIM8_UP_TIM13_IRQHandler
                0x00000000080038ac                I2C3_ER_IRQHandler
                0x00000000080038ac                EXTI0_IRQHandler
                0x00000000080038ac                I2C2_EV_IRQHandler
                0x00000000080038ac                DMA1_Stream2_IRQHandler
                0x00000000080038ac                CAN1_RX0_IRQHandler
                0x00000000080038ac                FPU_IRQHandler
                0x00000000080038ac                OTG_HS_WKUP_IRQHandler
                0x00000000080038ac                CAN2_SCE_IRQHandler
                0x00000000080038ac                DMA2_Stream2_IRQHandler
                0x00000000080038ac                SPI1_IRQHandler
                0x00000000080038ac                TIM6_DAC_IRQHandler
                0x00000000080038ac                TIM1_BRK_TIM9_IRQHandler
                0x00000000080038ac                DCMI_IRQHandler
                0x00000000080038ac                CAN2_RX0_IRQHandler
                0x00000000080038ac                DMA2_Stream3_IRQHandler
                0x00000000080038ac                USART6_IRQHandler
                0x00000000080038ac                USART3_IRQHandler
                0x00000000080038ac                CAN1_RX1_IRQHandler
                0x00000000080038ac                UART5_IRQHandler
                0x00000000080038ac                DMA2_Stream0_IRQHandler
                0x00000000080038ac                TIM4_IRQHandler
                0x00000000080038ac                I2C1_EV_IRQHandler
                0x00000000080038ac                DMA1_Stream6_IRQHandler
                0x00000000080038ac                DMA1_Stream1_IRQHandler
                0x00000000080038ac                UART4_IRQHandler
                0x00000000080038ac                TIM3_IRQHandler
                0x00000000080038ac                RCC_IRQHandler
                0x00000000080038ac                TIM8_BRK_TIM12_IRQHandler
                0x00000000080038ac                Default_Handler
                0x00000000080038ac                EXTI15_10_IRQHandler
                0x00000000080038ac                ADC_IRQHandler
                0x00000000080038ac                DMA1_Stream7_IRQHandler
                0x00000000080038ac                TIM7_IRQHandler
                0x00000000080038ac                CAN2_TX_IRQHandler
                0x00000000080038ac                TIM5_IRQHandler
                0x00000000080038ac                DMA2_Stream7_IRQHandler
                0x00000000080038ac                I2C3_EV_IRQHandler
                0x00000000080038ac                RTC_WKUP_IRQHandler
                0x00000000080038ac                ETH_WKUP_IRQHandler
                0x00000000080038ac                SPI2_IRQHandler
                0x00000000080038ac                OTG_HS_EP1_IN_IRQHandler
                0x00000000080038ac                DMA1_Stream0_IRQHandler
                0x00000000080038ac                CAN1_TX_IRQHandler
                0x00000000080038ac                FSMC_IRQHandler
                0x00000000080038ac                ETH_IRQHandler
                0x00000000080038ac                OTG_HS_EP1_OUT_IRQHandler
                0x00000000080038ac                WWDG_IRQHandler
                0x00000000080038ac                TIM2_IRQHandler
                0x00000000080038ac                OTG_FS_WKUP_IRQHandler
                0x00000000080038ac                TIM1_TRG_COM_TIM11_IRQHandler
                0x00000000080038ac                OTG_HS_IRQHandler
                0x00000000080038ac                EXTI1_IRQHandler
                0x00000000080038ac                USART2_IRQHandler
                0x00000000080038ac                I2C2_ER_IRQHandler
                0x00000000080038ac                DMA2_Stream1_IRQHandler
                0x00000000080038ac                CAN1_SCE_IRQHandler
                0x00000000080038ac                FLASH_IRQHandler
                0x00000000080038ac                DMA2_Stream4_IRQHandler
                0x00000000080038ac                USART1_IRQHandler
                0x00000000080038ac                OTG_FS_IRQHandler
                0x00000000080038ac                SPI3_IRQHandler
                0x00000000080038ac                DMA1_Stream4_IRQHandler
                0x00000000080038ac                I2C1_ER_IRQHandler
                0x00000000080038ac                DMA2_Stream6_IRQHandler
                0x00000000080038ac                DMA1_Stream3_IRQHandler
 .text.stm32_lock_acquire
                0x00000000080038ae       0x60 ./Core/ThreadSafe/newlib_lock_glue.o
 .text.stm32_lock_release
                0x000000000800390e       0x54 ./Core/ThreadSafe/newlib_lock_glue.o
 .text.__retarget_lock_acquire_recursive
                0x0000000008003962       0x28 ./Core/ThreadSafe/newlib_lock_glue.o
                0x0000000008003962                __retarget_lock_acquire_recursive
 .text.__retarget_lock_release_recursive
                0x000000000800398a       0x28 ./Core/ThreadSafe/newlib_lock_glue.o
                0x000000000800398a                __retarget_lock_release_recursive
 *fill*         0x00000000080039b2        0x2 
 .text.HAL_Init
                0x00000000080039b4       0x44 ./Drivers/STM32F4xx_HAL_Driver/Src/stm32f4xx_hal.o
                0x00000000080039b4                HAL_Init
 .text.HAL_IncTick
                0x00000000080039f8       0x28 ./Drivers/STM32F4xx_HAL_Driver/Src/stm32f4xx_hal.o
                0x00000000080039f8                HAL_IncTick
 .text.HAL_GetTick
                0x0000000008003a20       0x18 ./Drivers/STM32F4xx_HAL_Driver/Src/stm32f4xx_hal.o
                0x0000000008003a20                HAL_GetTick
 .text.__NVIC_SetPriorityGrouping
                0x0000000008003a38       0x48 ./Drivers/STM32F4xx_HAL_Driver/Src/stm32f4xx_hal_cortex.o
 .text.__NVIC_GetPriorityGrouping
                0x0000000008003a80       0x1c ./Drivers/STM32F4xx_HAL_Driver/Src/stm32f4xx_hal_cortex.o
 .text.__NVIC_EnableIRQ
                0x0000000008003a9c       0x3c ./Drivers/STM32F4xx_HAL_Driver/Src/stm32f4xx_hal_cortex.o
 .text.__NVIC_SetPriority
                0x0000000008003ad8       0x54 ./Drivers/STM32F4xx_HAL_Driver/Src/stm32f4xx_hal_cortex.o
 .text.NVIC_EncodePriority
                0x0000000008003b2c       0x66 ./Drivers/STM32F4xx_HAL_Driver/Src/stm32f4xx_hal_cortex.o
 .text.HAL_NVIC_SetPriorityGrouping
                0x0000000008003b92       0x16 ./Drivers/STM32F4xx_HAL_Driver/Src/stm32f4xx_hal_cortex.o
                0x0000000008003b92                HAL_NVIC_SetPriorityGrouping
 .text.HAL_NVIC_SetPriority
                0x0000000008003ba8       0x38 ./Drivers/STM32F4xx_HAL_Driver/Src/stm32f4xx_hal_cortex.o
                0x0000000008003ba8                HAL_NVIC_SetPriority
 .text.HAL_NVIC_EnableIRQ
                0x0000000008003be0       0x1c ./Drivers/STM32F4xx_HAL_Driver/Src/stm32f4xx_hal_cortex.o
                0x0000000008003be0                HAL_NVIC_EnableIRQ
 .text.HAL_DMA_Init
                0x0000000008003bfc      0x15c ./Drivers/STM32F4xx_HAL_Driver/Src/stm32f4xx_hal_dma.o
                0x0000000008003bfc                HAL_DMA_Init
 .text.DMA_CalcBaseAndBitshift
                0x0000000008003d58       0x6c ./Drivers/STM32F4xx_HAL_Driver/Src/stm32f4xx_hal_dma.o
 .text.DMA_CheckFifoParam
                0x0000000008003dc4       0xf8 ./Drivers/STM32F4xx_HAL_Driver/Src/stm32f4xx_hal_dma.o
 .text.HAL_GPIO_Init
                0x0000000008003ebc      0x338 ./Drivers/STM32F4xx_HAL_Driver/Src/stm32f4xx_hal_gpio.o
                0x0000000008003ebc                HAL_GPIO_Init
 .text.HAL_GPIO_WritePin
                0x00000000080041f4       0x32 ./Drivers/STM32F4xx_HAL_Driver/Src/stm32f4xx_hal_gpio.o
                0x00000000080041f4                HAL_GPIO_WritePin
 *fill*         0x0000000008004226        0x2 
 .text.HAL_GPIO_EXTI_IRQHandler
                0x0000000008004228       0x30 ./Drivers/STM32F4xx_HAL_Driver/Src/stm32f4xx_hal_gpio.o
                0x0000000008004228                HAL_GPIO_EXTI_IRQHandler
 .text.HAL_GPIO_EXTI_Callback
                0x0000000008004258       0x16 ./Drivers/STM32F4xx_HAL_Driver/Src/stm32f4xx_hal_gpio.o
                0x0000000008004258                HAL_GPIO_EXTI_Callback
 *fill*         0x000000000800426e        0x2 
 .text.HAL_I2C_Init
                0x0000000008004270      0x288 ./Drivers/STM32F4xx_HAL_Driver/Src/stm32f4xx_hal_i2c.o
                0x0000000008004270                HAL_I2C_Init
 .text.HAL_I2C_Mem_Write
                0x00000000080044f8      0x1f4 ./Drivers/STM32F4xx_HAL_Driver/Src/stm32f4xx_hal_i2c.o
                0x00000000080044f8                HAL_I2C_Mem_Write
 .text.HAL_I2C_Mem_Read
                0x00000000080046ec      0x44c ./Drivers/STM32F4xx_HAL_Driver/Src/stm32f4xx_hal_i2c.o
                0x00000000080046ec                HAL_I2C_Mem_Read
 .text.I2C_RequestMemoryWrite
                0x0000000008004b38      0x12c ./Drivers/STM32F4xx_HAL_Driver/Src/stm32f4xx_hal_i2c.o
 .text.I2C_RequestMemoryRead
                0x0000000008004c64      0x1d0 ./Drivers/STM32F4xx_HAL_Driver/Src/stm32f4xx_hal_i2c.o
 .text.I2C_WaitOnFlagUntilTimeout
                0x0000000008004e34       0xae ./Drivers/STM32F4xx_HAL_Driver/Src/stm32f4xx_hal_i2c.o
 .text.I2C_WaitOnMasterAddressFlagUntilTimeout
                0x0000000008004ee2       0xfe ./Drivers/STM32F4xx_HAL_Driver/Src/stm32f4xx_hal_i2c.o
 .text.I2C_WaitOnTXEFlagUntilTimeout
                0x0000000008004fe0       0x82 ./Drivers/STM32F4xx_HAL_Driver/Src/stm32f4xx_hal_i2c.o
 .text.I2C_WaitOnBTFFlagUntilTimeout
                0x0000000008005062       0x82 ./Drivers/STM32F4xx_HAL_Driver/Src/stm32f4xx_hal_i2c.o
 .text.I2C_WaitOnRXNEFlagUntilTimeout
                0x00000000080050e4       0xac ./Drivers/STM32F4xx_HAL_Driver/Src/stm32f4xx_hal_i2c.o
 .text.I2C_IsAcknowledgeFailed
                0x0000000008005190       0x5e ./Drivers/STM32F4xx_HAL_Driver/Src/stm32f4xx_hal_i2c.o
 *fill*         0x00000000080051ee        0x2 
 .text.HAL_RCC_OscConfig
                0x00000000080051f0      0x4f0 ./Drivers/STM32F4xx_HAL_Driver/Src/stm32f4xx_hal_rcc.o
                0x00000000080051f0                HAL_RCC_OscConfig
 .text.HAL_RCC_ClockConfig
                0x00000000080056e0      0x1cc ./Drivers/STM32F4xx_HAL_Driver/Src/stm32f4xx_hal_rcc.o
                0x00000000080056e0                HAL_RCC_ClockConfig
 .text.HAL_RCC_GetSysClockFreq
                0x00000000080058ac      0x16c ./Drivers/STM32F4xx_HAL_Driver/Src/stm32f4xx_hal_rcc.o
                0x00000000080058ac                HAL_RCC_GetSysClockFreq
 .text.HAL_RCC_GetHCLKFreq
                0x0000000008005a18       0x18 ./Drivers/STM32F4xx_HAL_Driver/Src/stm32f4xx_hal_rcc.o
                0x0000000008005a18                HAL_RCC_GetHCLKFreq
 .text.HAL_RCC_GetPCLK1Freq
                0x0000000008005a30       0x28 ./Drivers/STM32F4xx_HAL_Driver/Src/stm32f4xx_hal_rcc.o
                0x0000000008005a30                HAL_RCC_GetPCLK1Freq
 .text.HAL_RCC_GetPCLK2Freq
                0x0000000008005a58       0x28 ./Drivers/STM32F4xx_HAL_Driver/Src/stm32f4xx_hal_rcc.o
                0x0000000008005a58                HAL_RCC_GetPCLK2Freq
 .text.HAL_RCC_GetClockConfig
                0x0000000008005a80       0x64 ./Drivers/STM32F4xx_HAL_Driver/Src/stm32f4xx_hal_rcc.o
                0x0000000008005a80                HAL_RCC_GetClockConfig
 .text.HAL_SPI_Init
                0x0000000008005ae4      0x112 ./Drivers/STM32F4xx_HAL_Driver/Src/stm32f4xx_hal_spi.o
                0x0000000008005ae4                HAL_SPI_Init
 .text.HAL_SPI_TransmitReceive
                0x0000000008005bf6      0x344 ./Drivers/STM32F4xx_HAL_Driver/Src/stm32f4xx_hal_spi.o
                0x0000000008005bf6                HAL_SPI_TransmitReceive
 *fill*         0x0000000008005f3a        0x2 
 .text.SPI_WaitFlagStateUntilTimeout
                0x0000000008005f3c      0x110 ./Drivers/STM32F4xx_HAL_Driver/Src/stm32f4xx_hal_spi.o
 .text.SPI_EndRxTxTransaction
                0x000000000800604c       0x84 ./Drivers/STM32F4xx_HAL_Driver/Src/stm32f4xx_hal_spi.o
 .text.HAL_TIM_Base_Init
                0x00000000080060d0       0x9e ./Drivers/STM32F4xx_HAL_Driver/Src/stm32f4xx_hal_tim.o
                0x00000000080060d0                HAL_TIM_Base_Init
 *fill*         0x000000000800616e        0x2 
 .text.HAL_TIM_Base_Start_IT
                0x0000000008006170       0xe0 ./Drivers/STM32F4xx_HAL_Driver/Src/stm32f4xx_hal_tim.o
                0x0000000008006170                HAL_TIM_Base_Start_IT
 .text.HAL_TIM_IRQHandler
                0x0000000008006250      0x210 ./Drivers/STM32F4xx_HAL_Driver/Src/stm32f4xx_hal_tim.o
                0x0000000008006250                HAL_TIM_IRQHandler
 .text.HAL_TIM_OC_DelayElapsedCallback
                0x0000000008006460       0x14 ./Drivers/STM32F4xx_HAL_Driver/Src/stm32f4xx_hal_tim.o
                0x0000000008006460                HAL_TIM_OC_DelayElapsedCallback
 .text.HAL_TIM_IC_CaptureCallback
                0x0000000008006474       0x14 ./Drivers/STM32F4xx_HAL_Driver/Src/stm32f4xx_hal_tim.o
                0x0000000008006474                HAL_TIM_IC_CaptureCallback
 .text.HAL_TIM_PWM_PulseFinishedCallback
                0x0000000008006488       0x14 ./Drivers/STM32F4xx_HAL_Driver/Src/stm32f4xx_hal_tim.o
                0x0000000008006488                HAL_TIM_PWM_PulseFinishedCallback
 .text.HAL_TIM_TriggerCallback
                0x000000000800649c       0x14 ./Drivers/STM32F4xx_HAL_Driver/Src/stm32f4xx_hal_tim.o
                0x000000000800649c                HAL_TIM_TriggerCallback
 .text.TIM_Base_SetConfig
                0x00000000080064b0      0x140 ./Drivers/STM32F4xx_HAL_Driver/Src/stm32f4xx_hal_tim.o
                0x00000000080064b0                TIM_Base_SetConfig
 .text.HAL_TIMEx_MasterConfigSynchronization
                0x00000000080065f0       0xf8 ./Drivers/STM32F4xx_HAL_Driver/Src/stm32f4xx_hal_tim_ex.o
                0x00000000080065f0                HAL_TIMEx_MasterConfigSynchronization
 .text.HAL_TIMEx_CommutCallback
                0x00000000080066e8       0x14 ./Drivers/STM32F4xx_HAL_Driver/Src/stm32f4xx_hal_tim_ex.o
                0x00000000080066e8                HAL_TIMEx_CommutCallback
 .text.HAL_TIMEx_BreakCallback
                0x00000000080066fc       0x14 ./Drivers/STM32F4xx_HAL_Driver/Src/stm32f4xx_hal_tim_ex.o
                0x00000000080066fc                HAL_TIMEx_BreakCallback
 .text.makeFreeRtosPriority
                0x0000000008006710       0x30 ./Middlewares/Third_Party/FreeRTOS/Source/CMSIS_RTOS/cmsis_os.o
 .text.osKernelStart
                0x0000000008006740        0xe ./Middlewares/Third_Party/FreeRTOS/Source/CMSIS_RTOS/cmsis_os.o
                0x0000000008006740                osKernelStart
 .text.osThreadCreate
                0x000000000800674e       0x98 ./Middlewares/Third_Party/FreeRTOS/Source/CMSIS_RTOS/cmsis_os.o
                0x000000000800674e                osThreadCreate
 .text.vListInitialise
                0x00000000080067e6       0x40 ./Middlewares/Third_Party/FreeRTOS/Source/list.o
                0x00000000080067e6                vListInitialise
 .text.vListInitialiseItem
                0x0000000008006826       0x1a ./Middlewares/Third_Party/FreeRTOS/Source/list.o
                0x0000000008006826                vListInitialiseItem
 .text.vListInsertEnd
                0x0000000008006840       0x48 ./Middlewares/Third_Party/FreeRTOS/Source/list.o
                0x0000000008006840                vListInsertEnd
 .text.vListInsert
                0x0000000008006888       0x72 ./Middlewares/Third_Party/FreeRTOS/Source/list.o
                0x0000000008006888                vListInsert
 .text.uxListRemove
                0x00000000080068fa       0x54 ./Middlewares/Third_Party/FreeRTOS/Source/list.o
                0x00000000080068fa                uxListRemove
 .text.xTaskCreateStatic
                0x000000000800694e       0xba ./Middlewares/Third_Party/FreeRTOS/Source/tasks.o
                0x000000000800694e                xTaskCreateStatic
 .text.xTaskCreate
                0x0000000008006a08       0x8a ./Middlewares/Third_Party/FreeRTOS/Source/tasks.o
                0x0000000008006a08                xTaskCreate
 *fill*         0x0000000008006a92        0x2 
 .text.prvInitialiseNewTask
                0x0000000008006a94      0x13c ./Middlewares/Third_Party/FreeRTOS/Source/tasks.o
 .text.prvAddNewTaskToReadyList
                0x0000000008006bd0       0xd4 ./Middlewares/Third_Party/FreeRTOS/Source/tasks.o
 .text.vTaskDelayUntil
                0x0000000008006ca4       0xfc ./Middlewares/Third_Party/FreeRTOS/Source/tasks.o
                0x0000000008006ca4                vTaskDelayUntil
 .text.vTaskDelay
                0x0000000008006da0       0x68 ./Middlewares/Third_Party/FreeRTOS/Source/tasks.o
                0x0000000008006da0                vTaskDelay
 .text.vTaskStartScheduler
                0x0000000008006e08       0xd4 ./Middlewares/Third_Party/FreeRTOS/Source/tasks.o
                0x0000000008006e08                vTaskStartScheduler
 .text.vTaskSuspendAll
                0x0000000008006edc       0x1c ./Middlewares/Third_Party/FreeRTOS/Source/tasks.o
                0x0000000008006edc                vTaskSuspendAll
 .text.xTaskResumeAll
                0x0000000008006ef8      0x138 ./Middlewares/Third_Party/FreeRTOS/Source/tasks.o
                0x0000000008006ef8                xTaskResumeAll
 .text.xTaskGetTickCount
                0x0000000008007030       0x20 ./Middlewares/Third_Party/FreeRTOS/Source/tasks.o
                0x0000000008007030                xTaskGetTickCount
 .text.xTaskIncrementTick
                0x0000000008007050      0x170 ./Middlewares/Third_Party/FreeRTOS/Source/tasks.o
                0x0000000008007050                xTaskIncrementTick
 .text.vTaskSwitchContext
                0x00000000080071c0       0xc4 ./Middlewares/Third_Party/FreeRTOS/Source/tasks.o
                0x00000000080071c0                vTaskSwitchContext
 .text.prvIdleTask
                0x0000000008007284       0x30 ./Middlewares/Third_Party/FreeRTOS/Source/tasks.o
 .text.prvInitialiseTaskLists
                0x00000000080072b4       0x80 ./Middlewares/Third_Party/FreeRTOS/Source/tasks.o
 .text.prvCheckTasksWaitingTermination
                0x0000000008007334       0x5c ./Middlewares/Third_Party/FreeRTOS/Source/tasks.o
 .text.prvDeleteTCB
                0x0000000008007390       0x68 ./Middlewares/Third_Party/FreeRTOS/Source/tasks.o
 .text.prvResetNextTaskUnblockTime
                0x00000000080073f8       0x40 ./Middlewares/Third_Party/FreeRTOS/Source/tasks.o
 .text.prvAddCurrentTaskToDelayedList
                0x0000000008007438       0xcc ./Middlewares/Third_Party/FreeRTOS/Source/tasks.o
 .text.pxPortInitialiseStack
                0x0000000008007504       0x68 ./Middlewares/Third_Party/FreeRTOS/Source/portable/GCC/ARM_CM4F/port.o
                0x0000000008007504                pxPortInitialiseStack
 .text.prvTaskExitError
                0x000000000800756c       0x58 ./Middlewares/Third_Party/FreeRTOS/Source/portable/GCC/ARM_CM4F/port.o
 *fill*         0x00000000080075c4        0xc 
 .text.SVC_Handler
                0x00000000080075d0       0x28 ./Middlewares/Third_Party/FreeRTOS/Source/portable/GCC/ARM_CM4F/port.o
                0x00000000080075d0                SVC_Handler
 .text.prvPortStartFirstTask
                0x00000000080075f8       0x28 ./Middlewares/Third_Party/FreeRTOS/Source/portable/GCC/ARM_CM4F/port.o
 .text.xPortStartScheduler
                0x0000000008007620      0x144 ./Middlewares/Third_Party/FreeRTOS/Source/portable/GCC/ARM_CM4F/port.o
                0x0000000008007620                xPortStartScheduler
 .text.vPortEnterCritical
                0x0000000008007764       0x60 ./Middlewares/Third_Party/FreeRTOS/Source/portable/GCC/ARM_CM4F/port.o
                0x0000000008007764                vPortEnterCritical
 .text.vPortExitCritical
                0x00000000080077c4       0x54 ./Middlewares/Third_Party/FreeRTOS/Source/portable/GCC/ARM_CM4F/port.o
                0x00000000080077c4                vPortExitCritical
 *fill*         0x0000000008007818        0x8 
 .text.PendSV_Handler
                0x0000000008007820       0x68 ./Middlewares/Third_Party/FreeRTOS/Source/portable/GCC/ARM_CM4F/port.o
                0x0000000008007820                PendSV_Handler
 .text.SysTick_Handler
                0x0000000008007888       0x44 ./Middlewares/Third_Party/FreeRTOS/Source/portable/GCC/ARM_CM4F/port.o
                0x0000000008007888                SysTick_Handler
 .text.vPortSetupTimerInterrupt
                0x00000000080078cc       0x48 ./Middlewares/Third_Party/FreeRTOS/Source/portable/GCC/ARM_CM4F/port.o
                0x00000000080078cc                vPortSetupTimerInterrupt
 .text.vPortEnableVFP
                0x0000000008007914       0x14 ./Middlewares/Third_Party/FreeRTOS/Source/portable/GCC/ARM_CM4F/port.o
 .text.pvPortMalloc
                0x0000000008007928      0x198 ./Middlewares/Third_Party/FreeRTOS/Source/portable/MemMang/heap_4.o
                0x0000000008007928                pvPortMalloc
 .text.vPortFree
                0x0000000008007ac0       0xc4 ./Middlewares/Third_Party/FreeRTOS/Source/portable/MemMang/heap_4.o
                0x0000000008007ac0                vPortFree
 .text.prvHeapInit
                0x0000000008007b84       0xc4 ./Middlewares/Third_Party/FreeRTOS/Source/portable/MemMang/heap_4.o
 .text.prvInsertBlockIntoFreeList
                0x0000000008007c48       0xb4 ./Middlewares/Third_Party/FreeRTOS/Source/portable/MemMang/heap_4.o
 .text.BMI088_GPIO_init
                0x0000000008007cfc        0xe ./SensorDriver/bmi088/Src/BMI088Middleware.o
                0x0000000008007cfc                BMI088_GPIO_init
 .text.BMI088_com_init
                0x0000000008007d0a        0xe ./SensorDriver/bmi088/Src/BMI088Middleware.o
                0x0000000008007d0a                BMI088_com_init
 .text.BMI088_delay_ms
                0x0000000008007d18       0x28 ./SensorDriver/bmi088/Src/BMI088Middleware.o
                0x0000000008007d18                BMI088_delay_ms
 .text.BMI088_delay_us
                0x0000000008007d40       0x58 ./SensorDriver/bmi088/Src/BMI088Middleware.o
                0x0000000008007d40                BMI088_delay_us
 .text.BMI088_ACCEL_NS_L
                0x0000000008007d98       0x18 ./SensorDriver/bmi088/Src/BMI088Middleware.o
                0x0000000008007d98                BMI088_ACCEL_NS_L
 .text.BMI088_ACCEL_NS_H
                0x0000000008007db0       0x18 ./SensorDriver/bmi088/Src/BMI088Middleware.o
                0x0000000008007db0                BMI088_ACCEL_NS_H
 .text.BMI088_GYRO_NS_L
                0x0000000008007dc8       0x18 ./SensorDriver/bmi088/Src/BMI088Middleware.o
                0x0000000008007dc8                BMI088_GYRO_NS_L
 .text.BMI088_GYRO_NS_H
                0x0000000008007de0       0x18 ./SensorDriver/bmi088/Src/BMI088Middleware.o
                0x0000000008007de0                BMI088_GYRO_NS_H
 .text.BMI088_read_write_byte
                0x0000000008007df8       0x2c ./SensorDriver/bmi088/Src/BMI088Middleware.o
                0x0000000008007df8                BMI088_read_write_byte
 .text.BMI088_init
                0x0000000008007e24       0x38 ./SensorDriver/bmi088/Src/BMI088driver.o
                0x0000000008007e24                BMI088_init
 .text.bmi088_accel_init
                0x0000000008007e5c      0x170 ./SensorDriver/bmi088/Src/BMI088driver.o
                0x0000000008007e5c                bmi088_accel_init
 .text.bmi088_gyro_init
                0x0000000008007fcc      0x130 ./SensorDriver/bmi088/Src/BMI088driver.o
                0x0000000008007fcc                bmi088_gyro_init
 .text.BMI088_read
                0x00000000080080fc      0x1dc ./SensorDriver/bmi088/Src/BMI088driver.o
                0x00000000080080fc                BMI088_read
 .text.BMI088_write_single_reg
                0x00000000080082d8       0x28 ./SensorDriver/bmi088/Src/BMI088driver.o
 .text.BMI088_read_single_reg
                0x0000000008008300       0x30 ./SensorDriver/bmi088/Src/BMI088driver.o
 .text.BMI088_read_muli_reg
                0x0000000008008330       0x4a ./SensorDriver/bmi088/Src/BMI088driver.o
 *fill*         0x000000000800837a        0x2 
 .text.ist8310_init
                0x000000000800837c       0xf0 ./SensorDriver/ist8310/Src/ist8310driver.o
                0x000000000800837c                ist8310_init
 .text.ist8310_read_mag
                0x000000000800846c       0xa4 ./SensorDriver/ist8310/Src/ist8310driver.o
                0x000000000800846c                ist8310_read_mag
 .text.ist8310_GPIO_init
                0x0000000008008510        0xe ./SensorDriver/ist8310/Src/ist8310driver_middleware.o
                0x0000000008008510                ist8310_GPIO_init
 .text.ist8310_com_init
                0x000000000800851e        0xe ./SensorDriver/ist8310/Src/ist8310driver_middleware.o
                0x000000000800851e                ist8310_com_init
 .text.ist8310_IIC_read_single_reg
                0x000000000800852c       0x38 ./SensorDriver/ist8310/Src/ist8310driver_middleware.o
                0x000000000800852c                ist8310_IIC_read_single_reg
 .text.ist8310_IIC_write_single_reg
                0x0000000008008564       0x38 ./SensorDriver/ist8310/Src/ist8310driver_middleware.o
                0x0000000008008564                ist8310_IIC_write_single_reg
 .text.ist8310_IIC_read_muli_reg
                0x000000000800859c       0x38 ./SensorDriver/ist8310/Src/ist8310driver_middleware.o
                0x000000000800859c                ist8310_IIC_read_muli_reg
 .text.ist8310_delay_ms
                0x00000000080085d4       0x28 ./SensorDriver/ist8310/Src/ist8310driver_middleware.o
                0x00000000080085d4                ist8310_delay_ms
 .text.ist8310_delay_us
                0x00000000080085fc       0x58 ./SensorDriver/ist8310/Src/ist8310driver_middleware.o
                0x00000000080085fc                ist8310_delay_us
 .text.ist8310_RST_H
                0x0000000008008654       0x18 ./SensorDriver/ist8310/Src/ist8310driver_middleware.o
                0x0000000008008654                ist8310_RST_H
 .text.ist8310_RST_L
                0x000000000800866c       0x18 ./SensorDriver/ist8310/Src/ist8310driver_middleware.o
                0x000000000800866c                ist8310_RST_L
 .text.__errno  0x0000000008008684        0xc d:/stm32cubeide/install/stm32cubeide_1.7.0/stm32cubeide/plugins/com.st.stm32cube.ide.mcu.externaltools.gnu-tools-for-stm32.9-2020-q2-update.win32_2.0.0.202105311346/tools/bin/../lib/gcc/arm-none-eabi/9.3.1/../../../../arm-none-eabi/lib/thumb/v7e-m+fp/hard\libc_nano.a(lib_a-errno.o)
                0x0000000008008684                __errno
 .text.__libc_init_array
                0x0000000008008690       0x48 d:/stm32cubeide/install/stm32cubeide_1.7.0/stm32cubeide/plugins/com.st.stm32cube.ide.mcu.externaltools.gnu-tools-for-stm32.9-2020-q2-update.win32_2.0.0.202105311346/tools/bin/../lib/gcc/arm-none-eabi/9.3.1/../../../../arm-none-eabi/lib/thumb/v7e-m+fp/hard\libc_nano.a(lib_a-init.o)
                0x0000000008008690                __libc_init_array
 .text.memset   0x00000000080086d8       0x10 d:/stm32cubeide/install/stm32cubeide_1.7.0/stm32cubeide/plugins/com.st.stm32cube.ide.mcu.externaltools.gnu-tools-for-stm32.9-2020-q2-update.win32_2.0.0.202105311346/tools/bin/../lib/gcc/arm-none-eabi/9.3.1/../../../../arm-none-eabi/lib/thumb/v7e-m+fp/hard\libc_nano.a(lib_a-memset.o)
                0x00000000080086d8                memset
 .text._free_r  0x00000000080086e8       0xa0 d:/stm32cubeide/install/stm32cubeide_1.7.0/stm32cubeide/plugins/com.st.stm32cube.ide.mcu.externaltools.gnu-tools-for-stm32.9-2020-q2-update.win32_2.0.0.202105311346/tools/bin/../lib/gcc/arm-none-eabi/9.3.1/../../../../arm-none-eabi/lib/thumb/v7e-m+fp/hard\libc_nano.a(lib_a-nano-freer.o)
                0x00000000080086e8                _free_r
 .text.cleanup_glue
                0x0000000008008788       0x1a d:/stm32cubeide/install/stm32cubeide_1.7.0/stm32cubeide/plugins/com.st.stm32cube.ide.mcu.externaltools.gnu-tools-for-stm32.9-2020-q2-update.win32_2.0.0.202105311346/tools/bin/../lib/gcc/arm-none-eabi/9.3.1/../../../../arm-none-eabi/lib/thumb/v7e-m+fp/hard\libc_nano.a(lib_a-reent.o)
                0x0000000008008788                cleanup_glue
 *fill*         0x00000000080087a2        0x2 
 .text._reclaim_reent
                0x00000000080087a4       0xb8 d:/stm32cubeide/install/stm32cubeide_1.7.0/stm32cubeide/plugins/com.st.stm32cube.ide.mcu.externaltools.gnu-tools-for-stm32.9-2020-q2-update.win32_2.0.0.202105311346/tools/bin/../lib/gcc/arm-none-eabi/9.3.1/../../../../arm-none-eabi/lib/thumb/v7e-m+fp/hard\libc_nano.a(lib_a-reent.o)
                0x00000000080087a4                _reclaim_reent
 .text.__malloc_lock
                0x000000000800885c        0xc d:/stm32cubeide/install/stm32cubeide_1.7.0/stm32cubeide/plugins/com.st.stm32cube.ide.mcu.externaltools.gnu-tools-for-stm32.9-2020-q2-update.win32_2.0.0.202105311346/tools/bin/../lib/gcc/arm-none-eabi/9.3.1/../../../../arm-none-eabi/lib/thumb/v7e-m+fp/hard\libc_nano.a(lib_a-mlock.o)
                0x000000000800885c                __malloc_lock
 .text.__malloc_unlock
                0x0000000008008868        0xc d:/stm32cubeide/install/stm32cubeide_1.7.0/stm32cubeide/plugins/com.st.stm32cube.ide.mcu.externaltools.gnu-tools-for-stm32.9-2020-q2-update.win32_2.0.0.202105311346/tools/bin/../lib/gcc/arm-none-eabi/9.3.1/../../../../arm-none-eabi/lib/thumb/v7e-m+fp/hard\libc_nano.a(lib_a-mlock.o)
                0x0000000008008868                __malloc_unlock
 .text.asinf    0x0000000008008874       0x64 d:/stm32cubeide/install/stm32cubeide_1.7.0/stm32cubeide/plugins/com.st.stm32cube.ide.mcu.externaltools.gnu-tools-for-stm32.9-2020-q2-update.win32_2.0.0.202105311346/tools/bin/../lib/gcc/arm-none-eabi/9.3.1/../../../../arm-none-eabi/lib/thumb/v7e-m+fp/hard\libm.a(lib_a-wf_asin.o)
                0x0000000008008874                asinf
 .text.atan2f   0x00000000080088d8        0x4 d:/stm32cubeide/install/stm32cubeide_1.7.0/stm32cubeide/plugins/com.st.stm32cube.ide.mcu.externaltools.gnu-tools-for-stm32.9-2020-q2-update.win32_2.0.0.202105311346/tools/bin/../lib/gcc/arm-none-eabi/9.3.1/../../../../arm-none-eabi/lib/thumb/v7e-m+fp/hard\libm.a(lib_a-wf_atan2.o)
                0x00000000080088d8                atan2f
 .text.__ieee754_asinf
                0x00000000080088dc      0x1cc d:/stm32cubeide/install/stm32cubeide_1.7.0/stm32cubeide/plugins/com.st.stm32cube.ide.mcu.externaltools.gnu-tools-for-stm32.9-2020-q2-update.win32_2.0.0.202105311346/tools/bin/../lib/gcc/arm-none-eabi/9.3.1/../../../../arm-none-eabi/lib/thumb/v7e-m+fp/hard\libm.a(lib_a-ef_asin.o)
                0x00000000080088dc                __ieee754_asinf
 .text.__ieee754_atan2f
                0x0000000008008aa8      0x140 d:/stm32cubeide/install/stm32cubeide_1.7.0/stm32cubeide/plugins/com.st.stm32cube.ide.mcu.externaltools.gnu-tools-for-stm32.9-2020-q2-update.win32_2.0.0.202105311346/tools/bin/../lib/gcc/arm-none-eabi/9.3.1/../../../../arm-none-eabi/lib/thumb/v7e-m+fp/hard\libm.a(lib_a-ef_atan2.o)
                0x0000000008008aa8                __ieee754_atan2f
 .text.__ieee754_sqrtf
                0x0000000008008be8        0x6 d:/stm32cubeide/install/stm32cubeide_1.7.0/stm32cubeide/plugins/com.st.stm32cube.ide.mcu.externaltools.gnu-tools-for-stm32.9-2020-q2-update.win32_2.0.0.202105311346/tools/bin/../lib/gcc/arm-none-eabi/9.3.1/../../../../arm-none-eabi/lib/thumb/v7e-m+fp/hard\libm.a(lib_a-ef_sqrt.o)
                0x0000000008008be8                __ieee754_sqrtf
 *fill*         0x0000000008008bee        0x2 
 .text.atanf    0x0000000008008bf0      0x1a8 d:/stm32cubeide/install/stm32cubeide_1.7.0/stm32cubeide/plugins/com.st.stm32cube.ide.mcu.externaltools.gnu-tools-for-stm32.9-2020-q2-update.win32_2.0.0.202105311346/tools/bin/../lib/gcc/arm-none-eabi/9.3.1/../../../../arm-none-eabi/lib/thumb/v7e-m+fp/hard\libm.a(lib_a-sf_atan.o)
                0x0000000008008bf0                atanf
 .text.fabsf    0x0000000008008d98        0xe d:/stm32cubeide/install/stm32cubeide_1.7.0/stm32cubeide/plugins/com.st.stm32cube.ide.mcu.externaltools.gnu-tools-for-stm32.9-2020-q2-update.win32_2.0.0.202105311346/tools/bin/../lib/gcc/arm-none-eabi/9.3.1/../../../../arm-none-eabi/lib/thumb/v7e-m+fp/hard\libm.a(lib_a-sf_fabs.o)
                0x0000000008008d98                fabsf
 *fill*         0x0000000008008da6        0x2 
 .text.nanf     0x0000000008008da8        0xc d:/stm32cubeide/install/stm32cubeide_1.7.0/stm32cubeide/plugins/com.st.stm32cube.ide.mcu.externaltools.gnu-tools-for-stm32.9-2020-q2-update.win32_2.0.0.202105311346/tools/bin/../lib/gcc/arm-none-eabi/9.3.1/../../../../arm-none-eabi/lib/thumb/v7e-m+fp/hard\libm.a(lib_a-sf_nan.o)
                0x0000000008008da8                nanf
 *(.glue_7)
 .glue_7        0x0000000008008db4        0x0 linker stubs
 *(.glue_7t)
 .glue_7t       0x0000000008008db4        0x0 linker stubs
 *(.eh_frame)
 .eh_frame      0x0000000008008db4        0x0 d:/stm32cubeide/install/stm32cubeide_1.7.0/stm32cubeide/plugins/com.st.stm32cube.ide.mcu.externaltools.gnu-tools-for-stm32.9-2020-q2-update.win32_2.0.0.202105311346/tools/bin/../lib/gcc/arm-none-eabi/9.3.1/thumb/v7e-m+fp/hard/crtbegin.o
 *(.init)
 .init          0x0000000008008db4        0x4 d:/stm32cubeide/install/stm32cubeide_1.7.0/stm32cubeide/plugins/com.st.stm32cube.ide.mcu.externaltools.gnu-tools-for-stm32.9-2020-q2-update.win32_2.0.0.202105311346/tools/bin/../lib/gcc/arm-none-eabi/9.3.1/thumb/v7e-m+fp/hard/crti.o
                0x0000000008008db4                _init
 .init          0x0000000008008db8        0x8 d:/stm32cubeide/install/stm32cubeide_1.7.0/stm32cubeide/plugins/com.st.stm32cube.ide.mcu.externaltools.gnu-tools-for-stm32.9-2020-q2-update.win32_2.0.0.202105311346/tools/bin/../lib/gcc/arm-none-eabi/9.3.1/thumb/v7e-m+fp/hard/crtn.o
 *(.fini)
 .fini          0x0000000008008dc0        0x4 d:/stm32cubeide/install/stm32cubeide_1.7.0/stm32cubeide/plugins/com.st.stm32cube.ide.mcu.externaltools.gnu-tools-for-stm32.9-2020-q2-update.win32_2.0.0.202105311346/tools/bin/../lib/gcc/arm-none-eabi/9.3.1/thumb/v7e-m+fp/hard/crti.o
                0x0000000008008dc0                _fini
 .fini          0x0000000008008dc4        0x8 d:/stm32cubeide/install/stm32cubeide_1.7.0/stm32cubeide/plugins/com.st.stm32cube.ide.mcu.externaltools.gnu-tools-for-stm32.9-2020-q2-update.win32_2.0.0.202105311346/tools/bin/../lib/gcc/arm-none-eabi/9.3.1/thumb/v7e-m+fp/hard/crtn.o
                0x0000000008008dcc                . = ALIGN (0x4)
                0x0000000008008dcc                _etext = .

.vfp11_veneer   0x0000000008008dcc        0x0
 .vfp11_veneer  0x0000000008008dcc        0x0 linker stubs

.v4_bx          0x0000000008008dcc        0x0
 .v4_bx         0x0000000008008dcc        0x0 linker stubs

.iplt           0x0000000008008dcc        0x0
 .iplt          0x0000000008008dcc        0x0 d:/stm32cubeide/install/stm32cubeide_1.7.0/stm32cubeide/plugins/com.st.stm32cube.ide.mcu.externaltools.gnu-tools-for-stm32.9-2020-q2-update.win32_2.0.0.202105311346/tools/bin/../lib/gcc/arm-none-eabi/9.3.1/thumb/v7e-m+fp/hard/crtbegin.o

.rodata         0x0000000008008dcc      0x158
                0x0000000008008dcc                . = ALIGN (0x4)
 *(.rodata)
 .rodata        0x0000000008008dcc       0x7c ./Core/Src/freertos.o
 .rodata        0x0000000008008e48        0x5 ./Middlewares/Third_Party/FreeRTOS/Source/tasks.o
 *fill*         0x0000000008008e4d        0x3 
 .rodata        0x0000000008008e50        0x8 ./SensorDriver/bmi088/Src/BMI088driver.o
 *(.rodata*)
 .rodata.AHBPrescTable
                0x0000000008008e58       0x10 ./Core/Src/system_stm32f4xx.o
                0x0000000008008e58                AHBPrescTable
 .rodata.APBPrescTable
                0x0000000008008e68        0x8 ./Core/Src/system_stm32f4xx.o
                0x0000000008008e68                APBPrescTable
 .rodata.flagBitshiftOffset.8526
                0x0000000008008e70        0x8 ./Drivers/STM32F4xx_HAL_Driver/Src/stm32f4xx_hal_dma.o
 .rodata.ist8310_write_reg_data_error
                0x0000000008008e78        0xc ./SensorDriver/ist8310/Src/ist8310driver.o
 .rodata.sleepTime.5553
                0x0000000008008e84        0x1 ./SensorDriver/ist8310/Src/ist8310driver.o
 .rodata.wait_time.5552
                0x0000000008008e85        0x1 ./SensorDriver/ist8310/Src/ist8310driver.o
 *fill*         0x0000000008008e86        0x2 
 .rodata.__sf_fake_stderr
                0x0000000008008e88       0x20 d:/stm32cubeide/install/stm32cubeide_1.7.0/stm32cubeide/plugins/com.st.stm32cube.ide.mcu.externaltools.gnu-tools-for-stm32.9-2020-q2-update.win32_2.0.0.202105311346/tools/bin/../lib/gcc/arm-none-eabi/9.3.1/../../../../arm-none-eabi/lib/thumb/v7e-m+fp/hard\libc_nano.a(lib_a-findfp.o)
                0x0000000008008e88                __sf_fake_stderr
 .rodata.__sf_fake_stdin
                0x0000000008008ea8       0x20 d:/stm32cubeide/install/stm32cubeide_1.7.0/stm32cubeide/plugins/com.st.stm32cube.ide.mcu.externaltools.gnu-tools-for-stm32.9-2020-q2-update.win32_2.0.0.202105311346/tools/bin/../lib/gcc/arm-none-eabi/9.3.1/../../../../arm-none-eabi/lib/thumb/v7e-m+fp/hard\libc_nano.a(lib_a-findfp.o)
                0x0000000008008ea8                __sf_fake_stdin
 .rodata.__sf_fake_stdout
                0x0000000008008ec8       0x20 d:/stm32cubeide/install/stm32cubeide_1.7.0/stm32cubeide/plugins/com.st.stm32cube.ide.mcu.externaltools.gnu-tools-for-stm32.9-2020-q2-update.win32_2.0.0.202105311346/tools/bin/../lib/gcc/arm-none-eabi/9.3.1/../../../../arm-none-eabi/lib/thumb/v7e-m+fp/hard\libc_nano.a(lib_a-findfp.o)
                0x0000000008008ec8                __sf_fake_stdout
 .rodata.asinf.str1.1
                0x0000000008008ee8        0x1 d:/stm32cubeide/install/stm32cubeide_1.7.0/stm32cubeide/plugins/com.st.stm32cube.ide.mcu.externaltools.gnu-tools-for-stm32.9-2020-q2-update.win32_2.0.0.202105311346/tools/bin/../lib/gcc/arm-none-eabi/9.3.1/../../../../arm-none-eabi/lib/thumb/v7e-m+fp/hard\libm.a(lib_a-wf_asin.o)
 *fill*         0x0000000008008ee9        0x3 
 .rodata.CSWTCH.8
                0x0000000008008eec        0xc d:/stm32cubeide/install/stm32cubeide_1.7.0/stm32cubeide/plugins/com.st.stm32cube.ide.mcu.externaltools.gnu-tools-for-stm32.9-2020-q2-update.win32_2.0.0.202105311346/tools/bin/../lib/gcc/arm-none-eabi/9.3.1/../../../../arm-none-eabi/lib/thumb/v7e-m+fp/hard\libm.a(lib_a-ef_atan2.o)
 .rodata.CSWTCH.9
                0x0000000008008ef8        0xc d:/stm32cubeide/install/stm32cubeide_1.7.0/stm32cubeide/plugins/com.st.stm32cube.ide.mcu.externaltools.gnu-tools-for-stm32.9-2020-q2-update.win32_2.0.0.202105311346/tools/bin/../lib/gcc/arm-none-eabi/9.3.1/../../../../arm-none-eabi/lib/thumb/v7e-m+fp/hard\libm.a(lib_a-ef_atan2.o)
 .rodata.atanhi
                0x0000000008008f04       0x10 d:/stm32cubeide/install/stm32cubeide_1.7.0/stm32cubeide/plugins/com.st.stm32cube.ide.mcu.externaltools.gnu-tools-for-stm32.9-2020-q2-update.win32_2.0.0.202105311346/tools/bin/../lib/gcc/arm-none-eabi/9.3.1/../../../../arm-none-eabi/lib/thumb/v7e-m+fp/hard\libm.a(lib_a-sf_atan.o)
 .rodata.atanlo
                0x0000000008008f14       0x10 d:/stm32cubeide/install/stm32cubeide_1.7.0/stm32cubeide/plugins/com.st.stm32cube.ide.mcu.externaltools.gnu-tools-for-stm32.9-2020-q2-update.win32_2.0.0.202105311346/tools/bin/../lib/gcc/arm-none-eabi/9.3.1/../../../../arm-none-eabi/lib/thumb/v7e-m+fp/hard\libm.a(lib_a-sf_atan.o)
                0x0000000008008f24                . = ALIGN (0x4)

.ARM.extab      0x0000000008008f24        0x0
                0x0000000008008f24                . = ALIGN (0x4)
 *(.ARM.extab* .gnu.linkonce.armextab.*)
                0x0000000008008f24                . = ALIGN (0x4)

.ARM            0x0000000008008f24        0x8
                0x0000000008008f24                . = ALIGN (0x4)
                0x0000000008008f24                __exidx_start = .
 *(.ARM.exidx*)
 .ARM.exidx     0x0000000008008f24        0x8 d:/stm32cubeide/install/stm32cubeide_1.7.0/stm32cubeide/plugins/com.st.stm32cube.ide.mcu.externaltools.gnu-tools-for-stm32.9-2020-q2-update.win32_2.0.0.202105311346/tools/bin/../lib/gcc/arm-none-eabi/9.3.1/thumb/v7e-m+fp/hard\libgcc.a(_udivmoddi4.o)
                0x0000000008008f2c                __exidx_end = .
                0x0000000008008f2c                . = ALIGN (0x4)

.rel.dyn        0x0000000008008f2c        0x0
 .rel.iplt      0x0000000008008f2c        0x0 d:/stm32cubeide/install/stm32cubeide_1.7.0/stm32cubeide/plugins/com.st.stm32cube.ide.mcu.externaltools.gnu-tools-for-stm32.9-2020-q2-update.win32_2.0.0.202105311346/tools/bin/../lib/gcc/arm-none-eabi/9.3.1/thumb/v7e-m+fp/hard/crtbegin.o

.preinit_array  0x0000000008008f2c        0x0
                0x0000000008008f2c                . = ALIGN (0x4)
                0x0000000008008f2c                PROVIDE (__preinit_array_start = .)
 *(.preinit_array*)
                0x0000000008008f2c                PROVIDE (__preinit_array_end = .)
                0x0000000008008f2c                . = ALIGN (0x4)

.init_array     0x0000000008008f2c        0x4
                0x0000000008008f2c                . = ALIGN (0x4)
                0x0000000008008f2c                PROVIDE (__init_array_start = .)
 *(SORT_BY_NAME(.init_array.*))
 *(.init_array*)
 .init_array    0x0000000008008f2c        0x4 d:/stm32cubeide/install/stm32cubeide_1.7.0/stm32cubeide/plugins/com.st.stm32cube.ide.mcu.externaltools.gnu-tools-for-stm32.9-2020-q2-update.win32_2.0.0.202105311346/tools/bin/../lib/gcc/arm-none-eabi/9.3.1/thumb/v7e-m+fp/hard/crtbegin.o
                0x0000000008008f30                PROVIDE (__init_array_end = .)
                0x0000000008008f30                . = ALIGN (0x4)

.fini_array     0x0000000008008f30        0x4
                0x0000000008008f30                . = ALIGN (0x4)
                [!provide]                        PROVIDE (__fini_array_start = .)
 *(SORT_BY_NAME(.fini_array.*))
 *(.fini_array*)
 .fini_array    0x0000000008008f30        0x4 d:/stm32cubeide/install/stm32cubeide_1.7.0/stm32cubeide/plugins/com.st.stm32cube.ide.mcu.externaltools.gnu-tools-for-stm32.9-2020-q2-update.win32_2.0.0.202105311346/tools/bin/../lib/gcc/arm-none-eabi/9.3.1/thumb/v7e-m+fp/hard/crtbegin.o
                [!provide]                        PROVIDE (__fini_array_end = .)
                0x0000000008008f34                . = ALIGN (0x4)
                0x0000000008008f34                _sidata = LOADADDR (.data)

.data           0x0000000020000000       0xc4 load address 0x0000000008008f34
                0x0000000020000000                . = ALIGN (0x4)
                0x0000000020000000                _sdata = .
 *(.data)
 *(.data*)
 .data.samplePeriod
                0x0000000020000000        0x4 ./Core/Src/freertos.o
                0x0000000020000000                samplePeriod
 .data.gyroscopeSensitivity
                0x0000000020000004        0xc ./Core/Src/freertos.o
 .data.accelerometerSensitivity
                0x0000000020000010        0xc ./Core/Src/freertos.o
 .data.SystemCoreClock
                0x000000002000001c        0x4 ./Core/Src/system_stm32f4xx.o
                0x000000002000001c                SystemCoreClock
 .data.uwTickPrio
                0x0000000020000020        0x4 ./Drivers/STM32F4xx_HAL_Driver/Src/stm32f4xx_hal.o
                0x0000000020000020                uwTickPrio
 .data.uwTickFreq
                0x0000000020000024        0x1 ./Drivers/STM32F4xx_HAL_Driver/Src/stm32f4xx_hal.o
                0x0000000020000024                uwTickFreq
 *fill*         0x0000000020000025        0x3 
 .data.uxCriticalNesting
                0x0000000020000028        0x4 ./Middlewares/Third_Party/FreeRTOS/Source/portable/GCC/ARM_CM4F/port.o
 .data.BMI088_ACCEL_SEN
                0x000000002000002c        0x4 ./SensorDriver/bmi088/Src/BMI088driver.o
                0x000000002000002c                BMI088_ACCEL_SEN
 .data.BMI088_GYRO_SEN
                0x0000000020000030        0x4 ./SensorDriver/bmi088/Src/BMI088driver.o
                0x0000000020000030                BMI088_GYRO_SEN
 .data.write_BMI088_accel_reg_data_error
                0x0000000020000034       0x12 ./SensorDriver/bmi088/Src/BMI088driver.o
 *fill*         0x0000000020000046        0x2 
 .data.write_BMI088_gyro_reg_data_error
                0x0000000020000048       0x12 ./SensorDriver/bmi088/Src/BMI088driver.o
 *fill*         0x000000002000005a        0x2 
 .data._impure_ptr
                0x000000002000005c        0x4 d:/stm32cubeide/install/stm32cubeide_1.7.0/stm32cubeide/plugins/com.st.stm32cube.ide.mcu.externaltools.gnu-tools-for-stm32.9-2020-q2-update.win32_2.0.0.202105311346/tools/bin/../lib/gcc/arm-none-eabi/9.3.1/../../../../arm-none-eabi/lib/thumb/v7e-m+fp/hard\libc_nano.a(lib_a-impure.o)
                0x000000002000005c                _impure_ptr
 .data.impure_data
                0x0000000020000060       0x60 d:/stm32cubeide/install/stm32cubeide_1.7.0/stm32cubeide/plugins/com.st.stm32cube.ide.mcu.externaltools.gnu-tools-for-stm32.9-2020-q2-update.win32_2.0.0.202105311346/tools/bin/../lib/gcc/arm-none-eabi/9.3.1/../../../../arm-none-eabi/lib/thumb/v7e-m+fp/hard\libc_nano.a(lib_a-impure.o)
 .data.__fdlib_version
                0x00000000200000c0        0x1 d:/stm32cubeide/install/stm32cubeide_1.7.0/stm32cubeide/plugins/com.st.stm32cube.ide.mcu.externaltools.gnu-tools-for-stm32.9-2020-q2-update.win32_2.0.0.202105311346/tools/bin/../lib/gcc/arm-none-eabi/9.3.1/../../../../arm-none-eabi/lib/thumb/v7e-m+fp/hard\libm.a(lib_a-s_lib_ver.o)
                0x00000000200000c0                __fdlib_version
 *(.RamFunc)
 *(.RamFunc*)
                0x00000000200000c4                . = ALIGN (0x4)
 *fill*         0x00000000200000c1        0x3 
                0x00000000200000c4                _edata = .
                0x0000000008008ff8                _siccmram = LOADADDR (.ccmram)

.igot.plt       0x00000000200000c4        0x0 load address 0x0000000008008ff8
 .igot.plt      0x00000000200000c4        0x0 d:/stm32cubeide/install/stm32cubeide_1.7.0/stm32cubeide/plugins/com.st.stm32cube.ide.mcu.externaltools.gnu-tools-for-stm32.9-2020-q2-update.win32_2.0.0.202105311346/tools/bin/../lib/gcc/arm-none-eabi/9.3.1/thumb/v7e-m+fp/hard/crtbegin.o

.ccmram         0x0000000010000000        0x0 load address 0x0000000008008ff8
                0x0000000010000000                . = ALIGN (0x4)
                0x0000000010000000                _sccmram = .
 *(.ccmram)
 *(.ccmram*)
                0x0000000010000000                . = ALIGN (0x4)
                0x0000000010000000                _eccmram = .
                0x0000000010000000                . = ALIGN (0x4)

.bss            0x00000000200000c4     0x43e0
                0x00000000200000c4                _sbss = .
                0x00000000200000c4                __bss_start__ = _sbss
 *(.bss)
 .bss           0x00000000200000c4       0x1c d:/stm32cubeide/install/stm32cubeide_1.7.0/stm32cubeide/plugins/com.st.stm32cube.ide.mcu.externaltools.gnu-tools-for-stm32.9-2020-q2-update.win32_2.0.0.202105311346/tools/bin/../lib/gcc/arm-none-eabi/9.3.1/thumb/v7e-m+fp/hard/crtbegin.o
 *(.bss*)
 .bss.hardIronBias
                0x00000000200000e0        0xc ./Core/Src/freertos.o
 .bss.xIdleTaskTCBBuffer
                0x00000000200000ec       0xb4 ./Core/Src/freertos.o
 .bss.xIdleStack
                0x00000000200001a0      0x200 ./Core/Src/freertos.o
 .bss.__lock___malloc_recursive_mutex
                0x00000000200003a0        0xc ./Core/ThreadSafe/newlib_lock_glue.o
                0x00000000200003a0                __lock___malloc_recursive_mutex
 .bss.pxCurrentTCB
                0x00000000200003ac        0x4 ./Middlewares/Third_Party/FreeRTOS/Source/tasks.o
                0x00000000200003ac                pxCurrentTCB
 .bss.pxReadyTasksLists
                0x00000000200003b0       0x8c ./Middlewares/Third_Party/FreeRTOS/Source/tasks.o
 .bss.xDelayedTaskList1
                0x000000002000043c       0x14 ./Middlewares/Third_Party/FreeRTOS/Source/tasks.o
 .bss.xDelayedTaskList2
                0x0000000020000450       0x14 ./Middlewares/Third_Party/FreeRTOS/Source/tasks.o
 .bss.pxDelayedTaskList
                0x0000000020000464        0x4 ./Middlewares/Third_Party/FreeRTOS/Source/tasks.o
 .bss.pxOverflowDelayedTaskList
                0x0000000020000468        0x4 ./Middlewares/Third_Party/FreeRTOS/Source/tasks.o
 .bss.xPendingReadyList
                0x000000002000046c       0x14 ./Middlewares/Third_Party/FreeRTOS/Source/tasks.o
 .bss.xTasksWaitingTermination
                0x0000000020000480       0x14 ./Middlewares/Third_Party/FreeRTOS/Source/tasks.o
 .bss.uxDeletedTasksWaitingCleanUp
                0x0000000020000494        0x4 ./Middlewares/Third_Party/FreeRTOS/Source/tasks.o
 .bss.xSuspendedTaskList
                0x0000000020000498       0x14 ./Middlewares/Third_Party/FreeRTOS/Source/tasks.o
 .bss.uxCurrentNumberOfTasks
                0x00000000200004ac        0x4 ./Middlewares/Third_Party/FreeRTOS/Source/tasks.o
 .bss.xTickCount
                0x00000000200004b0        0x4 ./Middlewares/Third_Party/FreeRTOS/Source/tasks.o
 .bss.uxTopReadyPriority
                0x00000000200004b4        0x4 ./Middlewares/Third_Party/FreeRTOS/Source/tasks.o
 .bss.xSchedulerRunning
                0x00000000200004b8        0x4 ./Middlewares/Third_Party/FreeRTOS/Source/tasks.o
 .bss.xPendedTicks
                0x00000000200004bc        0x4 ./Middlewares/Third_Party/FreeRTOS/Source/tasks.o
 .bss.xYieldPending
                0x00000000200004c0        0x4 ./Middlewares/Third_Party/FreeRTOS/Source/tasks.o
 .bss.xNumOfOverflows
                0x00000000200004c4        0x4 ./Middlewares/Third_Party/FreeRTOS/Source/tasks.o
 .bss.uxTaskNumber
                0x00000000200004c8        0x4 ./Middlewares/Third_Party/FreeRTOS/Source/tasks.o
 .bss.xNextTaskUnblockTime
                0x00000000200004cc        0x4 ./Middlewares/Third_Party/FreeRTOS/Source/tasks.o
 .bss.xIdleTaskHandle
                0x00000000200004d0        0x4 ./Middlewares/Third_Party/FreeRTOS/Source/tasks.o
 .bss.uxSchedulerSuspended
                0x00000000200004d4        0x4 ./Middlewares/Third_Party/FreeRTOS/Source/tasks.o
 .bss.ucMaxSysCallPriority
                0x00000000200004d8        0x1 ./Middlewares/Third_Party/FreeRTOS/Source/portable/GCC/ARM_CM4F/port.o
 *fill*         0x00000000200004d9        0x3 
 .bss.ulMaxPRIGROUPValue
                0x00000000200004dc        0x4 ./Middlewares/Third_Party/FreeRTOS/Source/portable/GCC/ARM_CM4F/port.o
 .bss.ucHeap    0x00000000200004e0     0x3c00 ./Middlewares/Third_Party/FreeRTOS/Source/portable/MemMang/heap_4.o
 .bss.xStart    0x00000000200040e0        0x8 ./Middlewares/Third_Party/FreeRTOS/Source/portable/MemMang/heap_4.o
 .bss.pxEnd     0x00000000200040e8        0x4 ./Middlewares/Third_Party/FreeRTOS/Source/portable/MemMang/heap_4.o
 .bss.xFreeBytesRemaining
                0x00000000200040ec        0x4 ./Middlewares/Third_Party/FreeRTOS/Source/portable/MemMang/heap_4.o
 .bss.xMinimumEverFreeBytesRemaining
                0x00000000200040f0        0x4 ./Middlewares/Third_Party/FreeRTOS/Source/portable/MemMang/heap_4.o
 .bss.xNumberOfSuccessfulAllocations
                0x00000000200040f4        0x4 ./Middlewares/Third_Party/FreeRTOS/Source/portable/MemMang/heap_4.o
 .bss.xNumberOfSuccessfulFrees
                0x00000000200040f8        0x4 ./Middlewares/Third_Party/FreeRTOS/Source/portable/MemMang/heap_4.o
 .bss.xBlockAllocatedBit
                0x00000000200040fc        0x4 ./Middlewares/Third_Party/FreeRTOS/Source/portable/MemMang/heap_4.o
 .bss.__malloc_free_list
                0x0000000020004100        0x4 d:/stm32cubeide/install/stm32cubeide_1.7.0/stm32cubeide/plugins/com.st.stm32cube.ide.mcu.externaltools.gnu-tools-for-stm32.9-2020-q2-update.win32_2.0.0.202105311346/tools/bin/../lib/gcc/arm-none-eabi/9.3.1/../../../../arm-none-eabi/lib/thumb/v7e-m+fp/hard\libc_nano.a(lib_a-nano-mallocr.o)
                0x0000000020004100                __malloc_free_list
 *(COMMON)
 COMMON         0x0000000020004104       0x88 ./Core/Src/freertos.o
                0x0000000020004104                eulerAngles
                0x0000000020004110                accel
                0x000000002000411c                orientationTaskHandle
                0x0000000020004120                fusionAhrs
                0x0000000020004150                fusionBias
                0x000000002000416c                gyro
                0x0000000020004178                tem
                0x000000002000417c                mag
                0x0000000020004188                positionTaskHandle
 COMMON         0x000000002000418c       0x54 ./Core/Src/i2c.o
                0x000000002000418c                hi2c3
 COMMON         0x00000000200041e0      0x230 ./Core/Src/spi.o
                0x00000000200041e0                hspi2
                0x0000000020004238                hdma_spi2_rx
                0x0000000020004298                hspi1
                0x00000000200042f0                hdma_spi1_rx
                0x0000000020004350                hdma_spi2_tx
                0x00000000200043b0                hdma_spi1_tx
 COMMON         0x0000000020004410       0x48 ./Core/Src/stm32f4xx_hal_timebase_tim.o
                0x0000000020004410                htim1
 COMMON         0x0000000020004458       0x48 ./Core/Src/tim.o
                0x0000000020004458                htim6
 COMMON         0x00000000200044a0        0x4 ./Drivers/STM32F4xx_HAL_Driver/Src/stm32f4xx_hal.o
                0x00000000200044a0                uwTick
                0x00000000200044a4                . = ALIGN (0x4)
                0x00000000200044a4                _ebss = .
                0x00000000200044a4                __bss_end__ = _ebss

._user_heap_stack
                0x00000000200044a4      0x604
                0x00000000200044a8                . = ALIGN (0x8)
 *fill*         0x00000000200044a4        0x4 
                [!provide]                        PROVIDE (end = .)
                0x00000000200044a8                PROVIDE (_end = .)
                0x00000000200046a8                . = (. + _Min_Heap_Size)
 *fill*         0x00000000200044a8      0x200 
                0x0000000020004aa8                . = (. + _Min_Stack_Size)
 *fill*         0x00000000200046a8      0x400 
                0x0000000020004aa8                . = ALIGN (0x8)

/DISCARD/
 libc.a(*)
 libm.a(*)
 libgcc.a(*)

.ARM.attributes
                0x0000000000000000       0x30
 *(.ARM.attributes)
 .ARM.attributes
                0x0000000000000000       0x1e d:/stm32cubeide/install/stm32cubeide_1.7.0/stm32cubeide/plugins/com.st.stm32cube.ide.mcu.externaltools.gnu-tools-for-stm32.9-2020-q2-update.win32_2.0.0.202105311346/tools/bin/../lib/gcc/arm-none-eabi/9.3.1/thumb/v7e-m+fp/hard/crti.o
 .ARM.attributes
                0x000000000000001e       0x34 d:/stm32cubeide/install/stm32cubeide_1.7.0/stm32cubeide/plugins/com.st.stm32cube.ide.mcu.externaltools.gnu-tools-for-stm32.9-2020-q2-update.win32_2.0.0.202105311346/tools/bin/../lib/gcc/arm-none-eabi/9.3.1/thumb/v7e-m+fp/hard/crtbegin.o
 .ARM.attributes
                0x0000000000000052       0x34 ./Algorithm/orientation/Src/FusionAhrs.o
 .ARM.attributes
                0x0000000000000086       0x34 ./Algorithm/orientation/Src/FusionBias.o
 .ARM.attributes
                0x00000000000000ba       0x34 ./Core/Src/dma.o
 .ARM.attributes
                0x00000000000000ee       0x34 ./Core/Src/freertos.o
 .ARM.attributes
                0x0000000000000122       0x34 ./Core/Src/gpio.o
 .ARM.attributes
                0x0000000000000156       0x34 ./Core/Src/i2c.o
 .ARM.attributes
                0x000000000000018a       0x34 ./Core/Src/main.o
 .ARM.attributes
                0x00000000000001be       0x34 ./Core/Src/spi.o
 .ARM.attributes
                0x00000000000001f2       0x34 ./Core/Src/stm32f4xx_hal_msp.o
 .ARM.attributes
                0x0000000000000226       0x34 ./Core/Src/stm32f4xx_hal_timebase_tim.o
 .ARM.attributes
                0x000000000000025a       0x34 ./Core/Src/stm32f4xx_it.o
 .ARM.attributes
                0x000000000000028e       0x34 ./Core/Src/system_stm32f4xx.o
 .ARM.attributes
                0x00000000000002c2       0x34 ./Core/Src/tim.o
 .ARM.attributes
                0x00000000000002f6       0x21 ./Core/Startup/startup_stm32f407ighx.o
 .ARM.attributes
                0x0000000000000317       0x34 ./Core/ThreadSafe/newlib_lock_glue.o
 .ARM.attributes
                0x000000000000034b       0x34 ./Drivers/STM32F4xx_HAL_Driver/Src/stm32f4xx_hal.o
 .ARM.attributes
                0x000000000000037f       0x34 ./Drivers/STM32F4xx_HAL_Driver/Src/stm32f4xx_hal_cortex.o
 .ARM.attributes
                0x00000000000003b3       0x34 ./Drivers/STM32F4xx_HAL_Driver/Src/stm32f4xx_hal_dma.o
 .ARM.attributes
                0x00000000000003e7       0x34 ./Drivers/STM32F4xx_HAL_Driver/Src/stm32f4xx_hal_gpio.o
 .ARM.attributes
                0x000000000000041b       0x34 ./Drivers/STM32F4xx_HAL_Driver/Src/stm32f4xx_hal_i2c.o
 .ARM.attributes
                0x000000000000044f       0x34 ./Drivers/STM32F4xx_HAL_Driver/Src/stm32f4xx_hal_rcc.o
 .ARM.attributes
                0x0000000000000483       0x34 ./Drivers/STM32F4xx_HAL_Driver/Src/stm32f4xx_hal_spi.o
 .ARM.attributes
                0x00000000000004b7       0x34 ./Drivers/STM32F4xx_HAL_Driver/Src/stm32f4xx_hal_tim.o
 .ARM.attributes
                0x00000000000004eb       0x34 ./Drivers/STM32F4xx_HAL_Driver/Src/stm32f4xx_hal_tim_ex.o
 .ARM.attributes
                0x000000000000051f       0x34 ./Middlewares/Third_Party/FreeRTOS/Source/CMSIS_RTOS/cmsis_os.o
 .ARM.attributes
                0x0000000000000553       0x34 ./Middlewares/Third_Party/FreeRTOS/Source/list.o
 .ARM.attributes
                0x0000000000000587       0x34 ./Middlewares/Third_Party/FreeRTOS/Source/tasks.o
 .ARM.attributes
                0x00000000000005bb       0x34 ./Middlewares/Third_Party/FreeRTOS/Source/portable/GCC/ARM_CM4F/port.o
 .ARM.attributes
                0x00000000000005ef       0x34 ./Middlewares/Third_Party/FreeRTOS/Source/portable/MemMang/heap_4.o
 .ARM.attributes
                0x0000000000000623       0x34 ./SensorDriver/bmi088/Src/BMI088Middleware.o
 .ARM.attributes
                0x0000000000000657       0x34 ./SensorDriver/bmi088/Src/BMI088driver.o
 .ARM.attributes
                0x000000000000068b       0x34 ./SensorDriver/ist8310/Src/ist8310driver.o
 .ARM.attributes
                0x00000000000006bf       0x34 ./SensorDriver/ist8310/Src/ist8310driver_middleware.o
 .ARM.attributes
                0x00000000000006f3       0x34 d:/stm32cubeide/install/stm32cubeide_1.7.0/stm32cubeide/plugins/com.st.stm32cube.ide.mcu.externaltools.gnu-tools-for-stm32.9-2020-q2-update.win32_2.0.0.202105311346/tools/bin/../lib/gcc/arm-none-eabi/9.3.1/../../../../arm-none-eabi/lib/thumb/v7e-m+fp/hard\libc_nano.a(lib_a-errno.o)
 .ARM.attributes
                0x0000000000000727       0x34 d:/stm32cubeide/install/stm32cubeide_1.7.0/stm32cubeide/plugins/com.st.stm32cube.ide.mcu.externaltools.gnu-tools-for-stm32.9-2020-q2-update.win32_2.0.0.202105311346/tools/bin/../lib/gcc/arm-none-eabi/9.3.1/../../../../arm-none-eabi/lib/thumb/v7e-m+fp/hard\libc_nano.a(lib_a-findfp.o)
 .ARM.attributes
                0x000000000000075b       0x32 d:/stm32cubeide/install/stm32cubeide_1.7.0/stm32cubeide/plugins/com.st.stm32cube.ide.mcu.externaltools.gnu-tools-for-stm32.9-2020-q2-update.win32_2.0.0.202105311346/tools/bin/../lib/gcc/arm-none-eabi/9.3.1/../../../../arm-none-eabi/lib/thumb/v7e-m+fp/hard\libc_nano.a(lib_a-impure.o)
 .ARM.attributes
                0x000000000000078d       0x34 d:/stm32cubeide/install/stm32cubeide_1.7.0/stm32cubeide/plugins/com.st.stm32cube.ide.mcu.externaltools.gnu-tools-for-stm32.9-2020-q2-update.win32_2.0.0.202105311346/tools/bin/../lib/gcc/arm-none-eabi/9.3.1/../../../../arm-none-eabi/lib/thumb/v7e-m+fp/hard\libc_nano.a(lib_a-init.o)
 .ARM.attributes
                0x00000000000007c1       0x34 d:/stm32cubeide/install/stm32cubeide_1.7.0/stm32cubeide/plugins/com.st.stm32cube.ide.mcu.externaltools.gnu-tools-for-stm32.9-2020-q2-update.win32_2.0.0.202105311346/tools/bin/../lib/gcc/arm-none-eabi/9.3.1/../../../../arm-none-eabi/lib/thumb/v7e-m+fp/hard\libc_nano.a(lib_a-memset.o)
 .ARM.attributes
                0x00000000000007f5       0x34 d:/stm32cubeide/install/stm32cubeide_1.7.0/stm32cubeide/plugins/com.st.stm32cube.ide.mcu.externaltools.gnu-tools-for-stm32.9-2020-q2-update.win32_2.0.0.202105311346/tools/bin/../lib/gcc/arm-none-eabi/9.3.1/../../../../arm-none-eabi/lib/thumb/v7e-m+fp/hard\libc_nano.a(lib_a-nano-freer.o)
 .ARM.attributes
                0x0000000000000829       0x34 d:/stm32cubeide/install/stm32cubeide_1.7.0/stm32cubeide/plugins/com.st.stm32cube.ide.mcu.externaltools.gnu-tools-for-stm32.9-2020-q2-update.win32_2.0.0.202105311346/tools/bin/../lib/gcc/arm-none-eabi/9.3.1/../../../../arm-none-eabi/lib/thumb/v7e-m+fp/hard\libc_nano.a(lib_a-nano-mallocr.o)
 .ARM.attributes
                0x000000000000085d       0x34 d:/stm32cubeide/install/stm32cubeide_1.7.0/stm32cubeide/plugins/com.st.stm32cube.ide.mcu.externaltools.gnu-tools-for-stm32.9-2020-q2-update.win32_2.0.0.202105311346/tools/bin/../lib/gcc/arm-none-eabi/9.3.1/../../../../arm-none-eabi/lib/thumb/v7e-m+fp/hard\libc_nano.a(lib_a-reent.o)
 .ARM.attributes
                0x0000000000000891       0x34 d:/stm32cubeide/install/stm32cubeide_1.7.0/stm32cubeide/plugins/com.st.stm32cube.ide.mcu.externaltools.gnu-tools-for-stm32.9-2020-q2-update.win32_2.0.0.202105311346/tools/bin/../lib/gcc/arm-none-eabi/9.3.1/../../../../arm-none-eabi/lib/thumb/v7e-m+fp/hard\libc_nano.a(lib_a-mlock.o)
 .ARM.attributes
                0x00000000000008c5       0x34 d:/stm32cubeide/install/stm32cubeide_1.7.0/stm32cubeide/plugins/com.st.stm32cube.ide.mcu.externaltools.gnu-tools-for-stm32.9-2020-q2-update.win32_2.0.0.202105311346/tools/bin/../lib/gcc/arm-none-eabi/9.3.1/../../../../arm-none-eabi/lib/thumb/v7e-m+fp/hard\libm.a(lib_a-wf_asin.o)
 .ARM.attributes
                0x00000000000008f9       0x34 d:/stm32cubeide/install/stm32cubeide_1.7.0/stm32cubeide/plugins/com.st.stm32cube.ide.mcu.externaltools.gnu-tools-for-stm32.9-2020-q2-update.win32_2.0.0.202105311346/tools/bin/../lib/gcc/arm-none-eabi/9.3.1/../../../../arm-none-eabi/lib/thumb/v7e-m+fp/hard\libm.a(lib_a-wf_atan2.o)
 .ARM.attributes
                0x000000000000092d       0x34 d:/stm32cubeide/install/stm32cubeide_1.7.0/stm32cubeide/plugins/com.st.stm32cube.ide.mcu.externaltools.gnu-tools-for-stm32.9-2020-q2-update.win32_2.0.0.202105311346/tools/bin/../lib/gcc/arm-none-eabi/9.3.1/../../../../arm-none-eabi/lib/thumb/v7e-m+fp/hard\libm.a(lib_a-ef_asin.o)
 .ARM.attributes
                0x0000000000000961       0x34 d:/stm32cubeide/install/stm32cubeide_1.7.0/stm32cubeide/plugins/com.st.stm32cube.ide.mcu.externaltools.gnu-tools-for-stm32.9-2020-q2-update.win32_2.0.0.202105311346/tools/bin/../lib/gcc/arm-none-eabi/9.3.1/../../../../arm-none-eabi/lib/thumb/v7e-m+fp/hard\libm.a(lib_a-ef_atan2.o)
 .ARM.attributes
                0x0000000000000995       0x34 d:/stm32cubeide/install/stm32cubeide_1.7.0/stm32cubeide/plugins/com.st.stm32cube.ide.mcu.externaltools.gnu-tools-for-stm32.9-2020-q2-update.win32_2.0.0.202105311346/tools/bin/../lib/gcc/arm-none-eabi/9.3.1/../../../../arm-none-eabi/lib/thumb/v7e-m+fp/hard\libm.a(lib_a-ef_sqrt.o)
 .ARM.attributes
                0x00000000000009c9       0x32 d:/stm32cubeide/install/stm32cubeide_1.7.0/stm32cubeide/plugins/com.st.stm32cube.ide.mcu.externaltools.gnu-tools-for-stm32.9-2020-q2-update.win32_2.0.0.202105311346/tools/bin/../lib/gcc/arm-none-eabi/9.3.1/../../../../arm-none-eabi/lib/thumb/v7e-m+fp/hard\libm.a(lib_a-s_lib_ver.o)
 .ARM.attributes
                0x00000000000009fb       0x34 d:/stm32cubeide/install/stm32cubeide_1.7.0/stm32cubeide/plugins/com.st.stm32cube.ide.mcu.externaltools.gnu-tools-for-stm32.9-2020-q2-update.win32_2.0.0.202105311346/tools/bin/../lib/gcc/arm-none-eabi/9.3.1/../../../../arm-none-eabi/lib/thumb/v7e-m+fp/hard\libm.a(lib_a-sf_atan.o)
 .ARM.attributes
                0x0000000000000a2f       0x34 d:/stm32cubeide/install/stm32cubeide_1.7.0/stm32cubeide/plugins/com.st.stm32cube.ide.mcu.externaltools.gnu-tools-for-stm32.9-2020-q2-update.win32_2.0.0.202105311346/tools/bin/../lib/gcc/arm-none-eabi/9.3.1/../../../../arm-none-eabi/lib/thumb/v7e-m+fp/hard\libm.a(lib_a-sf_fabs.o)
 .ARM.attributes
                0x0000000000000a63       0x34 d:/stm32cubeide/install/stm32cubeide_1.7.0/stm32cubeide/plugins/com.st.stm32cube.ide.mcu.externaltools.gnu-tools-for-stm32.9-2020-q2-update.win32_2.0.0.202105311346/tools/bin/../lib/gcc/arm-none-eabi/9.3.1/../../../../arm-none-eabi/lib/thumb/v7e-m+fp/hard\libm.a(lib_a-sf_nan.o)
 .ARM.attributes
                0x0000000000000a97       0x1e d:/stm32cubeide/install/stm32cubeide_1.7.0/stm32cubeide/plugins/com.st.stm32cube.ide.mcu.externaltools.gnu-tools-for-stm32.9-2020-q2-update.win32_2.0.0.202105311346/tools/bin/../lib/gcc/arm-none-eabi/9.3.1/thumb/v7e-m+fp/hard\libgcc.a(_arm_addsubdf3.o)
 .ARM.attributes
                0x0000000000000ab5       0x1e d:/stm32cubeide/install/stm32cubeide_1.7.0/stm32cubeide/plugins/com.st.stm32cube.ide.mcu.externaltools.gnu-tools-for-stm32.9-2020-q2-update.win32_2.0.0.202105311346/tools/bin/../lib/gcc/arm-none-eabi/9.3.1/thumb/v7e-m+fp/hard\libgcc.a(_arm_muldivdf3.o)
 .ARM.attributes
                0x0000000000000ad3       0x1e d:/stm32cubeide/install/stm32cubeide_1.7.0/stm32cubeide/plugins/com.st.stm32cube.ide.mcu.externaltools.gnu-tools-for-stm32.9-2020-q2-update.win32_2.0.0.202105311346/tools/bin/../lib/gcc/arm-none-eabi/9.3.1/thumb/v7e-m+fp/hard\libgcc.a(_arm_truncdfsf2.o)
 .ARM.attributes
                0x0000000000000af1       0x1e d:/stm32cubeide/install/stm32cubeide_1.7.0/stm32cubeide/plugins/com.st.stm32cube.ide.mcu.externaltools.gnu-tools-for-stm32.9-2020-q2-update.win32_2.0.0.202105311346/tools/bin/../lib/gcc/arm-none-eabi/9.3.1/thumb/v7e-m+fp/hard\libgcc.a(_aeabi_uldivmod.o)
 .ARM.attributes
                0x0000000000000b0f       0x34 d:/stm32cubeide/install/stm32cubeide_1.7.0/stm32cubeide/plugins/com.st.stm32cube.ide.mcu.externaltools.gnu-tools-for-stm32.9-2020-q2-update.win32_2.0.0.202105311346/tools/bin/../lib/gcc/arm-none-eabi/9.3.1/thumb/v7e-m+fp/hard\libgcc.a(_udivmoddi4.o)
 .ARM.attributes
                0x0000000000000b43       0x1e d:/stm32cubeide/install/stm32cubeide_1.7.0/stm32cubeide/plugins/com.st.stm32cube.ide.mcu.externaltools.gnu-tools-for-stm32.9-2020-q2-update.win32_2.0.0.202105311346/tools/bin/../lib/gcc/arm-none-eabi/9.3.1/thumb/v7e-m+fp/hard\libgcc.a(_dvmd_tls.o)
 .ARM.attributes
                0x0000000000000b61       0x1e d:/stm32cubeide/install/stm32cubeide_1.7.0/stm32cubeide/plugins/com.st.stm32cube.ide.mcu.externaltools.gnu-tools-for-stm32.9-2020-q2-update.win32_2.0.0.202105311346/tools/bin/../lib/gcc/arm-none-eabi/9.3.1/thumb/v7e-m+fp/hard/crtn.o
OUTPUT(imu_test.elf elf32-littlearm)
LOAD linker stubs
LOAD d:/stm32cubeide/install/stm32cubeide_1.7.0/stm32cubeide/plugins/com.st.stm32cube.ide.mcu.externaltools.gnu-tools-for-stm32.9-2020-q2-update.win32_2.0.0.202105311346/tools/bin/../lib/gcc/arm-none-eabi/9.3.1/../../../../arm-none-eabi/lib/thumb/v7e-m+fp/hard\libc.a
LOAD d:/stm32cubeide/install/stm32cubeide_1.7.0/stm32cubeide/plugins/com.st.stm32cube.ide.mcu.externaltools.gnu-tools-for-stm32.9-2020-q2-update.win32_2.0.0.202105311346/tools/bin/../lib/gcc/arm-none-eabi/9.3.1/../../../../arm-none-eabi/lib/thumb/v7e-m+fp/hard\libm.a
LOAD d:/stm32cubeide/install/stm32cubeide_1.7.0/stm32cubeide/plugins/com.st.stm32cube.ide.mcu.externaltools.gnu-tools-for-stm32.9-2020-q2-update.win32_2.0.0.202105311346/tools/bin/../lib/gcc/arm-none-eabi/9.3.1/thumb/v7e-m+fp/hard\libgcc.a

.debug_info     0x0000000000000000    0x1f16b
 .debug_info    0x0000000000000000     0x15dd ./Algorithm/orientation/Src/FusionAhrs.o
 .debug_info    0x00000000000015dd      0xc02 ./Algorithm/orientation/Src/FusionBias.o
 .debug_info    0x00000000000021df      0x394 ./Core/Src/dma.o
 .debug_info    0x0000000000002573     0x166a ./Core/Src/freertos.o
 .debug_info    0x0000000000003bdd      0x771 ./Core/Src/gpio.o
 .debug_info    0x000000000000434e      0xa9a ./Core/Src/i2c.o
 .debug_info    0x0000000000004de8     0x198e ./Core/Src/main.o
 .debug_info    0x0000000000006776      0xb25 ./Core/Src/spi.o
 .debug_info    0x000000000000729b      0x5b9 ./Core/Src/stm32f4xx_hal_msp.o
 .debug_info    0x0000000000007854      0xc6c ./Core/Src/stm32f4xx_hal_timebase_tim.o
 .debug_info    0x00000000000084c0      0x807 ./Core/Src/stm32f4xx_it.o
 .debug_info    0x0000000000008cc7      0x5a4 ./Core/Src/system_stm32f4xx.o
 .debug_info    0x000000000000926b      0xa0a ./Core/Src/tim.o
 .debug_info    0x0000000000009c75       0x22 ./Core/Startup/startup_stm32f407ighx.o
 .debug_info    0x0000000000009c97      0xfdc ./Core/ThreadSafe/newlib_lock_glue.o
 .debug_info    0x000000000000ac73      0x9b2 ./Drivers/STM32F4xx_HAL_Driver/Src/stm32f4xx_hal.o
 .debug_info    0x000000000000b625      0xed7 ./Drivers/STM32F4xx_HAL_Driver/Src/stm32f4xx_hal_cortex.o
 .debug_info    0x000000000000c4fc      0x9f1 ./Drivers/STM32F4xx_HAL_Driver/Src/stm32f4xx_hal_dma.o
 .debug_info    0x000000000000ceed      0x83e ./Drivers/STM32F4xx_HAL_Driver/Src/stm32f4xx_hal_gpio.o
 .debug_info    0x000000000000d72b     0x264d ./Drivers/STM32F4xx_HAL_Driver/Src/stm32f4xx_hal_i2c.o
 .debug_info    0x000000000000fd78      0x996 ./Drivers/STM32F4xx_HAL_Driver/Src/stm32f4xx_hal_rcc.o
 .debug_info    0x000000000001070e     0x17c0 ./Drivers/STM32F4xx_HAL_Driver/Src/stm32f4xx_hal_spi.o
 .debug_info    0x0000000000011ece     0x2c22 ./Drivers/STM32F4xx_HAL_Driver/Src/stm32f4xx_hal_tim.o
 .debug_info    0x0000000000014af0     0x15a2 ./Drivers/STM32F4xx_HAL_Driver/Src/stm32f4xx_hal_tim_ex.o
 .debug_info    0x0000000000016092     0x2058 ./Middlewares/Third_Party/FreeRTOS/Source/CMSIS_RTOS/cmsis_os.o
 .debug_info    0x00000000000180ea      0xb82 ./Middlewares/Third_Party/FreeRTOS/Source/list.o
 .debug_info    0x0000000000018c6c     0x266d ./Middlewares/Third_Party/FreeRTOS/Source/tasks.o
 .debug_info    0x000000000001b2d9      0xd8a ./Middlewares/Third_Party/FreeRTOS/Source/portable/GCC/ARM_CM4F/port.o
 .debug_info    0x000000000001c063      0xd8a ./Middlewares/Third_Party/FreeRTOS/Source/portable/MemMang/heap_4.o
 .debug_info    0x000000000001cded      0xbaa ./SensorDriver/bmi088/Src/BMI088Middleware.o
 .debug_info    0x000000000001d997      0x95e ./SensorDriver/bmi088/Src/BMI088driver.o
 .debug_info    0x000000000001e2f5      0x210 ./SensorDriver/ist8310/Src/ist8310driver.o
 .debug_info    0x000000000001e505      0xc66 ./SensorDriver/ist8310/Src/ist8310driver_middleware.o

.debug_abbrev   0x0000000000000000     0x482c
 .debug_abbrev  0x0000000000000000      0x376 ./Algorithm/orientation/Src/FusionAhrs.o
 .debug_abbrev  0x0000000000000376      0x255 ./Algorithm/orientation/Src/FusionBias.o
 .debug_abbrev  0x00000000000005cb      0x11d ./Core/Src/dma.o
 .debug_abbrev  0x00000000000006e8      0x31c ./Core/Src/freertos.o
 .debug_abbrev  0x0000000000000a04      0x157 ./Core/Src/gpio.o
 .debug_abbrev  0x0000000000000b5b      0x1bb ./Core/Src/i2c.o
 .debug_abbrev  0x0000000000000d16      0x26b ./Core/Src/main.o
 .debug_abbrev  0x0000000000000f81      0x1ce ./Core/Src/spi.o
 .debug_abbrev  0x000000000000114f      0x126 ./Core/Src/stm32f4xx_hal_msp.o
 .debug_abbrev  0x0000000000001275      0x1bf ./Core/Src/stm32f4xx_hal_timebase_tim.o
 .debug_abbrev  0x0000000000001434      0x176 ./Core/Src/stm32f4xx_it.o
 .debug_abbrev  0x00000000000015aa      0x145 ./Core/Src/system_stm32f4xx.o
 .debug_abbrev  0x00000000000016ef      0x1b2 ./Core/Src/tim.o
 .debug_abbrev  0x00000000000018a1       0x12 ./Core/Startup/startup_stm32f407ighx.o
 .debug_abbrev  0x00000000000018b3      0x334 ./Core/ThreadSafe/newlib_lock_glue.o
 .debug_abbrev  0x0000000000001be7      0x1ed ./Drivers/STM32F4xx_HAL_Driver/Src/stm32f4xx_hal.o
 .debug_abbrev  0x0000000000001dd4      0x33c ./Drivers/STM32F4xx_HAL_Driver/Src/stm32f4xx_hal_cortex.o
 .debug_abbrev  0x0000000000002110      0x259 ./Drivers/STM32F4xx_HAL_Driver/Src/stm32f4xx_hal_dma.o
 .debug_abbrev  0x0000000000002369      0x1f1 ./Drivers/STM32F4xx_HAL_Driver/Src/stm32f4xx_hal_gpio.o
 .debug_abbrev  0x000000000000255a      0x282 ./Drivers/STM32F4xx_HAL_Driver/Src/stm32f4xx_hal_i2c.o
 .debug_abbrev  0x00000000000027dc      0x275 ./Drivers/STM32F4xx_HAL_Driver/Src/stm32f4xx_hal_rcc.o
 .debug_abbrev  0x0000000000002a51      0x26e ./Drivers/STM32F4xx_HAL_Driver/Src/stm32f4xx_hal_spi.o
 .debug_abbrev  0x0000000000002cbf      0x25e ./Drivers/STM32F4xx_HAL_Driver/Src/stm32f4xx_hal_tim.o
 .debug_abbrev  0x0000000000002f1d      0x266 ./Drivers/STM32F4xx_HAL_Driver/Src/stm32f4xx_hal_tim_ex.o
 .debug_abbrev  0x0000000000003183      0x3c2 ./Middlewares/Third_Party/FreeRTOS/Source/CMSIS_RTOS/cmsis_os.o
 .debug_abbrev  0x0000000000003545      0x1f7 ./Middlewares/Third_Party/FreeRTOS/Source/list.o
 .debug_abbrev  0x000000000000373c      0x380 ./Middlewares/Third_Party/FreeRTOS/Source/tasks.o
 .debug_abbrev  0x0000000000003abc      0x335 ./Middlewares/Third_Party/FreeRTOS/Source/portable/GCC/ARM_CM4F/port.o
 .debug_abbrev  0x0000000000003df1      0x2d3 ./Middlewares/Third_Party/FreeRTOS/Source/portable/MemMang/heap_4.o
 .debug_abbrev  0x00000000000040c4      0x210 ./SensorDriver/bmi088/Src/BMI088Middleware.o
 .debug_abbrev  0x00000000000042d4      0x232 ./SensorDriver/bmi088/Src/BMI088driver.o
 .debug_abbrev  0x0000000000004506      0x127 ./SensorDriver/ist8310/Src/ist8310driver.o
 .debug_abbrev  0x000000000000462d      0x1ff ./SensorDriver/ist8310/Src/ist8310driver_middleware.o

.debug_aranges  0x0000000000000000     0x16a0
 .debug_aranges
                0x0000000000000000       0x70 ./Algorithm/orientation/Src/FusionAhrs.o
 .debug_aranges
                0x0000000000000070       0x30 ./Algorithm/orientation/Src/FusionBias.o
 .debug_aranges
                0x00000000000000a0       0x20 ./Core/Src/dma.o
 .debug_aranges
                0x00000000000000c0       0x38 ./Core/Src/freertos.o
 .debug_aranges
                0x00000000000000f8       0x20 ./Core/Src/gpio.o
 .debug_aranges
                0x0000000000000118       0x30 ./Core/Src/i2c.o
 .debug_aranges
                0x0000000000000148       0x38 ./Core/Src/main.o
 .debug_aranges
                0x0000000000000180       0x38 ./Core/Src/spi.o
 .debug_aranges
                0x00000000000001b8       0x20 ./Core/Src/stm32f4xx_hal_msp.o
 .debug_aranges
                0x00000000000001d8       0x30 ./Core/Src/stm32f4xx_hal_timebase_tim.o
 .debug_aranges
                0x0000000000000208       0x60 ./Core/Src/stm32f4xx_it.o
 .debug_aranges